<html>
<body>
<pre>
<h1>µVision Build Log</h1>
<h2>Project:</h2>
C:\Users\Administrator\Desktop\CT117E-LCD\Project\CT117E-LCD.uvproj
Project File Date:  10/17/2020

<h2>Output:</h2>
Build target 'Target 1'
assembling startup_stm32f10x_md.s...
compiling core_cm3.c...
compiling system_stm32f10x.c...
compiling stm32f10x_gpio.c...
compiling stm32f10x_rcc.c...
compiling misc.c...
compiling stm32f10x_adc.c...
compiling stm32f10x_bkp.c...
compiling stm32f10x_exti.c...
compiling stm32f10x_iwdg.c...
compiling stm32f10x_pwr.c...
compiling stm32f10x_tim.c...
compiling stm32f10x_wwdg.c...
compiling lcd.c...
compiling main.c...
compiling stm32f10x_it.c...
compiling KEY.c...
compiling LED.c...
compiling ADC.c...
compiling PWMOC.c...
compiling UI.c...
linking...
Program Size: Code=20826 RO-data=5006 RW-data=68 ZI-data=1892  
FromELF: creating hex file...
"..\Output\CT117E-LCD.axf" - 0 Error(s), 0 Warning(s).
Load "..\\Output\\CT117E-LCD.AXF" 
Erasing Done.
Program Speed: 11.37 KByte/s
Programming Done.
