ARM Linker, RVCT4.0 [Build 728] [Standard]

==============================================================================

Section Cross References

    startup_stm32f10x_md.o(STACK) refers (Special) to heapauxi.o(.text) for __use_two_region_memory
    startup_stm32f10x_md.o(HEAP) refers (Special) to heapauxi.o(.text) for __use_two_region_memory
    startup_stm32f10x_md.o(RESET) refers (Special) to heapauxi.o(.text) for __use_two_region_memory
    startup_stm32f10x_md.o(RESET) refers to startup_stm32f10x_md.o(STACK) for __initial_sp
    startup_stm32f10x_md.o(RESET) refers to startup_stm32f10x_md.o(.text) for Reset_Handler
    startup_stm32f10x_md.o(RESET) refers to stm32f10x_it.o(.text) for NMI_Handler
    startup_stm32f10x_md.o(RESET) refers to key.o(.text) for EXTI0_IRQHandler
    startup_stm32f10x_md.o(.text) refers (Special) to heapauxi.o(.text) for __use_two_region_memory
    startup_stm32f10x_md.o(.text) refers to system_stm32f10x.o(.text) for SystemInit
    startup_stm32f10x_md.o(.text) refers to __main.o(!!!main) for __main
    startup_stm32f10x_md.o(.text) refers to startup_stm32f10x_md.o(HEAP) for Heap_Mem
    startup_stm32f10x_md.o(.text) refers to startup_stm32f10x_md.o(STACK) for Stack_Mem
    system_stm32f10x.o(.text) refers to system_stm32f10x.o(.data) for SystemCoreClock
    stm32f10x_gpio.o(.text) refers to stm32f10x_rcc.o(.text) for RCC_APB2PeriphResetCmd
    stm32f10x_rcc.o(.text) refers to stm32f10x_rcc.o(.data) for .data
    stm32f10x_adc.o(.text) refers to stm32f10x_rcc.o(.text) for RCC_APB2PeriphResetCmd
    stm32f10x_bkp.o(.text) refers to stm32f10x_rcc.o(.text) for RCC_BackupResetCmd
    stm32f10x_pwr.o(.text) refers to stm32f10x_rcc.o(.text) for RCC_APB1PeriphResetCmd
    stm32f10x_tim.o(.text) refers to stm32f10x_rcc.o(.text) for RCC_APB2PeriphResetCmd
    stm32f10x_wwdg.o(.text) refers to stm32f10x_rcc.o(.text) for RCC_APB1PeriphResetCmd
    lcd.o(.text) refers to stm32f10x_gpio.o(.text) for GPIO_Init
    lcd.o(.text) refers to stm32f10x_rcc.o(.text) for RCC_APB2PeriphClockCmd
    lcd.o(.text) refers to lcd.o(.data) for dummy
    lcd.o(.text) refers to lcd.o(.constdata) for ASCII_Table
    main.o(.text) refers to rt_memclr.o(.text) for __aeabi_memclr
    main.o(.text) refers to misc.o(.text) for NVIC_PriorityGroupConfig
    main.o(.text) refers to lcd.o(.text) for STM3210B_LCD_Init
    main.o(.text) refers to led.o(.text) for LEDInit
    main.o(.text) refers to key.o(.text) for KEYInit
    main.o(.text) refers to adc.o(.text) for ADC1_Init
    main.o(.text) refers to pwmoc.o(.text) for TIM3_Ch1PWMInit
    main.o(.text) refers to ui.o(.text) for UISelect
    main.o(.text) refers to main.o(.data) for TimingDelay
    main.o(.text) refers to main.o(.bss) for Str
    main.o(.text) refers to system_stm32f10x.o(.data) for SystemCoreClock
    stm32f10x_it.o(.text) refers to main.o(.data) for TimingDelay
    key.o(.text) refers to stm32f10x_rcc.o(.text) for RCC_APB2PeriphClockCmd
    key.o(.text) refers to stm32f10x_gpio.o(.text) for GPIO_Init
    key.o(.text) refers to stm32f10x_exti.o(.text) for EXTI_Init
    key.o(.text) refers to misc.o(.text) for NVIC_Init
    key.o(.text) refers to main.o(.text) for Delay_Ms
    key.o(.text) refers to ui.o(.data) for UIIndex
    led.o(.text) refers to stm32f10x_gpio.o(.text) for GPIO_WriteBit
    led.o(.text) refers to stm32f10x_rcc.o(.text) for RCC_APB2PeriphClockCmd
    adc.o(.text) refers to stm32f10x_rcc.o(.text) for RCC_APB2PeriphClockCmd
    adc.o(.text) refers to stm32f10x_gpio.o(.text) for GPIO_Init
    adc.o(.text) refers to stm32f10x_adc.o(.text) for ADC_Init
    adc.o(.text) refers to fflt_clz.o(x$fpl$ffltu) for __aeabi_ui2f
    adc.o(.text) refers to f2d.o(x$fpl$f2d) for __aeabi_f2d
    adc.o(.text) refers to dmul.o(x$fpl$dmul) for __aeabi_dmul
    adc.o(.text) refers to ddiv.o(x$fpl$ddiv) for __aeabi_ddiv
    adc.o(.text) refers to d2f.o(x$fpl$d2f) for __aeabi_d2f
    adc.o(.text) refers to adc.o(.data) for ADC_Dat
    pwmoc.o(.text) refers to stm32f10x_rcc.o(.text) for RCC_APB1PeriphClockCmd
    pwmoc.o(.text) refers to stm32f10x_gpio.o(.text) for GPIO_Init
    pwmoc.o(.text) refers to stm32f10x_tim.o(.text) for TIM_TimeBaseInit
    pwmoc.o(.text) refers to f2d.o(x$fpl$f2d) for __aeabi_f2d
    pwmoc.o(.text) refers to drleqf.o(x$fpl$drleqf) for __aeabi_cdrcmple
    pwmoc.o(.text) refers to dleqf.o(x$fpl$dleqf) for __aeabi_cdcmple
    pwmoc.o(.text) refers to fmul.o(x$fpl$fmul) for __aeabi_fmul
    pwmoc.o(.text) refers to ddiv.o(x$fpl$ddiv) for __aeabi_ddiv
    pwmoc.o(.text) refers to dfixu.o(x$fpl$dfixu) for __aeabi_d2uiz
    pwmoc.o(.text) refers to ui.o(.data) for Mode
    pwmoc.o(.text) refers to adc.o(.data) for AD_Data
    pwmoc.o(.text) refers to pwmoc.o(.data) for .data
    ui.o(.text) refers to _printf_percent.o(.ARM.Collect$$_printf_percent$$00000000) for _printf_percent
    ui.o(.text) refers to _printf_f.o(.ARM.Collect$$_printf_percent$$00000003) for _printf_f
[...]
    ../../printf.c                           0x00000000   Number         0  __printf_ss_wp.o ABSOLUTE
    ../../printf.c                           0x00000000   Number         0  _printf_intcommon.o ABSOLUTE
    ../../printf.c                           0x00000000   Number         0  _sputc.o ABSOLUTE
    ../../printf.c                           0x00000000   Number         0  _printf_fp_dec.o ABSOLUTE
    ../../printf.c                           0x00000000   Number         0  __printf_nopercent.o ABSOLUTE
    ../../printf.c                           0x00000000   Number         0  _printf_char_common.o ABSOLUTE
    ../../printf.c                           0x00000000   Number         0  _printf_fp_infnan.o ABSOLUTE
    ../../printf.c                           0x00000000   Number         0  __2sprintf.o ABSOLUTE
    ../../printf.c                           0x00000000   Number         0  noretval__2sprintf.o ABSOLUTE
    ../../printf.c                           0x00000000   Number         0  __printf_flags_wp.o ABSOLUTE
    ../../printf.c                           0x00000000   Number         0  __printf.o ABSOLUTE
    ../../printf.c                           0x00000000   Number         0  __printf_flags_ss_wp.o ABSOLUTE
    ../../printf.c                           0x00000000   Number         0  __printf_wp.o ABSOLUTE
    ../../printf1.s                          0x00000000   Number         0  printf1.o ABSOLUTE
    ../../printf_percent.s                   0x00000000   Number         0  _printf_f.o ABSOLUTE
    ../../printf_percent.s                   0x00000000   Number         0  _printf_percent_end.o ABSOLUTE
    ../../printf_percent.s                   0x00000000   Number         0  _printf_percent.o ABSOLUTE
    ../../printf_percent.s                   0x00000000   Number         0  _printf_d.o ABSOLUTE
    ../../retnan.s                           0x00000000   Number         0  retnan.o ABSOLUTE
    ../../signal.c                           0x00000000   Number         0  defsig_cppl_inner.o ABSOLUTE
    ../../signal.c                           0x00000000   Number         0  defsig_pvfn_inner.o ABSOLUTE
    ../../signal.c                           0x00000000   Number         0  defsig_stak_inner.o ABSOLUTE
    ../../signal.c                           0x00000000   Number         0  defsig_rtred_inner.o ABSOLUTE
    ../../signal.c                           0x00000000   Number         0  defsig_fpe_inner.o ABSOLUTE
    ../../signal.c                           0x00000000   Number         0  defsig_abrt_inner.o ABSOLUTE
    ../../signal.c                           0x00000000   Number         0  __raise.o ABSOLUTE
    ../../signal.c                           0x00000000   Number         0  defsig_rtmem_inner.o ABSOLUTE
    ../../signal.c                           0x00000000   Number         0  defsig_exit.o ABSOLUTE
    ../../signal.c                           0x00000000   Number         0  defsig_rtmem_formal.o ABSOLUTE
    ../../signal.c                           0x00000000   Number         0  defsig_rtmem_outer.o ABSOLUTE
    ../../signal.c                           0x00000000   Number         0  defsig_general.o ABSOLUTE
    ../../signal.c                           0x00000000   Number         0  defsig_other.o ABSOLUTE
    ../../signal.c                           0x00000000   Number         0  defsig_segv_inner.o ABSOLUTE
    ../../signal.s                           0x00000000   Number         0  defsig.o ABSOLUTE
    ../../stdlib.c                           0x00000000   Number         0  exit.o ABSOLUTE
    ../../trapv.s                            0x00000000   Number         0  trapv.o ABSOLUTE
    ../../usenofp.s                          0x00000000   Number         0  usenofp.o ABSOLUTE
    ..\Hardware\ADC.c                        0x00000000   Number         0  adc.o ABSOLUTE
    ..\Hardware\KEY.c                        0x00000000   Number         0  key.o ABSOLUTE
    ..\Hardware\LED.c                        0x00000000   Number         0  led.o ABSOLUTE
    ..\Hardware\PWMOC.c                      0x00000000   Number         0  pwmoc.o ABSOLUTE
    ..\Hardware\UI.c                         0x00000000   Number         0  ui.o ABSOLUTE
    ..\Libraries\CMSIS\CM3\CoreSupport\core_cm3.c 0x00000000   Number         0  core_cm3.o ABSOLUTE
    ..\Libraries\CMSIS\CM3\DeviceSupport\ST\STM32F10x\startup\arm\startup_stm32f10x_md.s 0x00000000   Number         0  startup_stm32f10x_md.o ABSOLUTE
    ..\Libraries\CMSIS\CM3\DeviceSupport\ST\STM32F10x\system_stm32f10x.c 0x00000000   Number         0  system_stm32f10x.o ABSOLUTE
    ..\Libraries\STM32F10x_StdPeriph_Driver\src\misc.c 0x00000000   Number         0  misc.o ABSOLUTE
    ..\Libraries\STM32F10x_StdPeriph_Driver\src\stm32f10x_adc.c 0x00000000   Number         0  stm32f10x_adc.o ABSOLUTE
    ..\Libraries\STM32F10x_StdPeriph_Driver\src\stm32f10x_bkp.c 0x00000000   Number         0  stm32f10x_bkp.o ABSOLUTE
    ..\Libraries\STM32F10x_StdPeriph_Driver\src\stm32f10x_exti.c 0x00000000   Number         0  stm32f10x_exti.o ABSOLUTE
    ..\Libraries\STM32F10x_StdPeriph_Driver\src\stm32f10x_gpio.c 0x00000000   Number         0  stm32f10x_gpio.o ABSOLUTE
    ..\Libraries\STM32F10x_StdPeriph_Driver\src\stm32f10x_iwdg.c 0x00000000   Number         0  stm32f10x_iwdg.o ABSOLUTE
    ..\Libraries\STM32F10x_StdPeriph_Driver\src\stm32f10x_pwr.c 0x00000000   Number         0  stm32f10x_pwr.o ABSOLUTE
    ..\Libraries\STM32F10x_StdPeriph_Driver\src\stm32f10x_rcc.c 0x00000000   Number         0  stm32f10x_rcc.o ABSOLUTE
    ..\Libraries\STM32F10x_StdPeriph_Driver\src\stm32f10x_tim.c 0x00000000   Number         0  stm32f10x_tim.o ABSOLUTE
    ..\Libraries\STM32F10x_StdPeriph_Driver\src\stm32f10x_wwdg.c 0x00000000   Number         0  stm32f10x_wwdg.o ABSOLUTE
    ..\Sre\lcd.c                             0x00000000   Number         0  lcd.o ABSOLUTE
    ..\Sre\main.c                            0x00000000   Number         0  main.o ABSOLUTE
    ..\Sre\stm32f10x_it.c                    0x00000000   Number         0  stm32f10x_it.o ABSOLUTE
    ..\\Libraries\\CMSIS\\CM3\\CoreSupport\\core_cm3.c 0x00000000   Number         0  core_cm3.o ABSOLUTE
    dc.s                                     0x00000000   Number         0  dc.o ABSOLUTE
    RESET                                    0x08000000   Section      236  startup_stm32f10x_md.o(RESET)
    !!!main                                  0x080000ec   Section        8  __main.o(!!!main)
    !!!scatter                               0x080000f4   Section       52  __scatter.o(!!!scatter)
    !!handler_copy                           0x08000128   Section       26  __scatter_copy.o(!!handler_copy)
    !!handler_zi                             0x08000144   Section       28  __scatter_zi.o(!!handler_zi)
    .ARM.Collect$$_printf_percent$$00000000  0x08000160   Section        0  _printf_percent.o(.ARM.Collect$$_printf_percent$$00000000)
    .ARM.Collect$$_printf_percent$$00000003  0x08000160   Section        6  _printf_f.o(.ARM.Collect$$_printf_percent$$00000003)
    .ARM.Collect$$_printf_percent$$00000009  0x08000166   Section        6  _printf_d.o(.ARM.Collect$$_printf_percent$$00000009)
    .ARM.Collect$$_printf_percent$$00000017  0x0800016c   Section        4  _printf_percent_end.o(.ARM.Collect$$_printf_percent$$00000017)
    .ARM.Collect$$libinit$$00000000          0x08000170   Section        6  libinit.o(.ARM.Collect$$libinit$$00000000)
    .ARM.Collect$$libinit$$00000006          0x08000176   Section        0  libinit2.o(.ARM.Collect$$libinit$$00000006)
    .ARM.Collect$$libinit$$00000008          0x08000176   Section        0  libinit2.o(.ARM.Collect$$libinit$$00000008)
    .ARM.Collect$$libinit$$0000000A          0x08000176   Section        0  libinit2.o(.ARM.Collect$$libinit$$0000000A)
    .ARM.Collect$$libinit$$0000000B          0x08000176   Section        6  libinit2.o(.ARM.Collect$$libinit$$0000000B)
    .ARM.Collect$$libinit$$0000000D          0x0800017c   Section        0  libinit2.o(.ARM.Collect$$libinit$$0000000D)
    .ARM.Collect$$libinit$$0000000F          0x0800017c   Section        0  libinit2.o(.ARM.Collect$$libinit$$0000000F)
    .ARM.Collect$$libinit$$00000011          0x0800017c   Section        0  libinit2.o(.ARM.Collect$$libinit$$00000011)
    .ARM.Collect$$libinit$$00000012          0x0800017c   Section       10  libinit2.o(.ARM.Collect$$libinit$$00000012)
    .ARM.Collect$$libinit$$00000013          0x08000186   Section        0  libinit2.o(.ARM.Collect$$libinit$$00000013)
    .ARM.Collect$$libinit$$00000015          0x08000186   Section        0  libinit2.o(.ARM.Collect$$libinit$$00000015)
    .ARM.Collect$$libinit$$00000017          0x08000186   Section        0  libinit2.o(.ARM.Collect$$libinit$$00000017)
    .ARM.Collect$$libinit$$00000019          0x08000186   Section        0  libinit2.o(.ARM.Collect$$libinit$$00000019)
    .ARM.Collect$$libinit$$0000001B          0x08000186   Section        0  libinit2.o(.ARM.Collect$$libinit$$0000001B)
    .ARM.Collect$$libinit$$0000001D          0x08000186   Section        0  libinit2.o(.ARM.Collect$$libinit$$0000001D)
    .ARM.Collect$$libinit$$0000001F          0x08000186   Section        0  libinit2.o(.ARM.Collect$$libinit$$0000001F)
    .ARM.Collect$$libinit$$00000021          0x08000186   Section        0  libinit2.o(.ARM.Collect$$libinit$$00000021)
    .ARM.Collect$$libinit$$00000028          0x08000186   Section        0  libinit2.o(.ARM.Collect$$libinit$$00000028)
    .ARM.Collect$$libinit$$0000002A          0x08000186   Section        0  libinit2.o(.ARM.Collect$$libinit$$0000002A)
    .ARM.Collect$$libinit$$0000002C          0x08000186   Section        0  libinit2.o(.ARM.Collect$$libinit$$0000002C)
    .ARM.Collect$$libinit$$0000002E          0x08000186   Section        0  libinit2.o(.ARM.Collect$$libinit$$0000002E)
    .ARM.Collect$$libinit$$0000002F          0x08000186   Section        2  libinit2.o(.ARM.Collect$$libinit$$0000002F)
    .ARM.Collect$$libshutdown$$00000000      0x08000188   Section        2  libshutdown.o(.ARM.Collect$$libshutdown$$00000000)
    .ARM.Collect$$libshutdown$$00000003      0x0800018a   Section        0  libshutdown2.o(.ARM.Collect$$libshutdown$$00000003)
    .ARM.Collect$$libshutdown$$00000006      0x0800018a   Section        0  libshutdown2.o(.ARM.Collect$$libshutdown$$00000006)
    .ARM.Collect$$libshutdown$$00000009      0x0800018a   Section        0  libshutdown2.o(.ARM.Collect$$libshutdown$$00000009)
    .ARM.Collect$$libshutdown$$0000000B      0x0800018a   Section        0  libshutdown2.o(.ARM.Collect$$libshutdown$$0000000B)
    .ARM.Collect$$libshutdown$$0000000E      0x0800018a   Section        0  libshutdown2.o(.ARM.Collect$$libshutdown$$0000000E)
    .ARM.Collect$$libshutdown$$0000000F      0x0800018a   Section        2  libshutdown2.o(.ARM.Collect$$libshutdown$$0000000F)
    .ARM.Collect$$rtentry$$00000000          0x0800018c   Section        0  rtentry.o(.ARM.Collect$$rtentry$$00000000)
    .ARM.Collect$$rtentry$$00000002          0x0800018c   Section        0  rtentry2.o(.ARM.Collect$$rtentry$$00000002)
    .ARM.Collect$$rtentry$$00000004          0x0800018c   Section        6  rtentry4.o(.ARM.Collect$$rtentry$$00000004)
    .ARM.Collect$$rtentry$$00000009          0x08000192   Section        0  rtentry2.o(.ARM.Collect$$rtentry$$00000009)
    .ARM.Collect$$rtentry$$0000000A          0x08000192   Section        4  rtentry2.o(.ARM.Collect$$rtentry$$0000000A)
    .ARM.Collect$$rtentry$$0000000C          0x08000196   Section        0  rtentry2.o(.ARM.Collect$$rtentry$$0000000C)
    .ARM.Collect$$rtentry$$0000000D          0x08000196   Section        8  rtentry2.o(.ARM.Collect$$rtentry$$0000000D)
    .ARM.Collect$$rtexit$$00000000           0x0800019e   Section        2  rtexit.o(.ARM.Collect$$rtexit$$00000000)
    .ARM.Collect$$rtexit$$00000002           0x080001a0   Section        0  rtexit2.o(.ARM.Collect$$rtexit$$00000002)
    .ARM.Collect$$rtexit$$00000003           0x080001a0   Section        4  rtexit2.o(.ARM.Collect$$rtexit$$00000003)
    .ARM.Collect$$rtexit$$00000004           0x080001a4   Section        6  rtexit2.o(.ARM.Collect$$rtexit$$00000004)
    .text                                    0x080001ac   Section       64  startup_stm32f10x_md.o(.text)
    .text                                    0x080001ec   Section        0  system_stm32f10x.o(.text)
    SetSysClockTo72                          0x080001ed   Thumb Code   192  system_stm32f10x.o(.text)
    SetSysClock                              0x080002ad   Thumb Code     8  system_stm32f10x.o(.text)
    .text                                    0x080003b4   Section        0  stm32f10x_gpio.o(.text)
    .text                                    0x08000700   Section        0  stm32f10x_rcc.o(.text)
    .text                                    0x08000a94   Section        0  misc.o(.text)
    .text                                    0x08000b8c   Section        0  stm32f10x_adc.o(.text)
    .text                                    0x08000fc0   Section        0  stm32f10x_exti.o(.text)
    .text                                    0x080010fc   Section        0  stm32f10x_tim.o(.text)
    TI4_Config                               0x08001585   Thumb Code   114  stm32f10x_tim.o(.text)
    TI3_Config                               0x08001609   Thumb Code   110  stm32f10x_tim.o(.text)
    TI2_Config                               0x0800168d   Thumb Code   114  stm32f10x_tim.o(.text)
    TI1_Config                               0x08001711   Thumb Code   102  stm32f10x_tim.o(.text)
    .text                                    0x08001e60   Section        0  lcd.o(.text)
    .text                                    0x080028dc   Section        0  main.o(.text)
    NVIC_SetPriority                         0x080028dd   Thumb Code    32  main.o(.text)
    .text                                    0x080029ac   Section        0  stm32f10x_it.o(.text)
    .text                                    0x080029d4   Section        0  key.o(.text)
    .text                                    0x08002ccc   Section        0  led.o(.text)
    .text                                    0x08002d58   Section        0  adc.o(.text)
    .text                                    0x08002e60   Section        0  pwmoc.o(.text)
    .text                                    0x08003118   Section        0  ui.o(.text)
    .text                                    0x08003344   Section        0  noretval__2sprintf.o(.text)
    .text                                    0x0800336c   Section        0  _printf_dec.o(.text)
    .text                                    0x080033e0   Section        0  __printf_wp.o(.text)
    .text                                    0x08003500   Section       68  rt_memclr.o(.text)
    .text                                    0x08003544   Section        0  heapauxi.o(.text)
    .text                                    0x0800354a   Section        0  _printf_intcommon.o(.text)
    .text                                    0x080035fe   Section        0  _printf_fp_dec.o(.text)
    _fp_digits                               0x08003601   Thumb Code   492  _printf_fp_dec.o(.text)
    .text                                    0x08003a60   Section        0  _printf_char_common.o(.text)
    _printf_input_char                       0x08003a61   Thumb Code    10  _printf_char_common.o(.text)
    .text                                    0x08003a90   Section        0  _sputc.o(.text)
    .text                                    0x08003a9a   Section       78  rt_memclr_w.o(.text)
    .text                                    0x08003ae8   Section       16  rtudiv10.o(.text)
    .text                                    0x08003af8   Section       12  rt_locale_intlibspace.o(.text)
    .text                                    0x08003b04   Section      138  lludiv10.o(.text)
    .text                                    0x08003b90   Section        0  _printf_fp_infnan.o(.text)
    .text                                    0x08003c0c   Section        0  bigflt0.o(.text)
    .text                                    0x08003ce0   Section        8  libspace.o(.text)
    .text                                    0x08003ce8   Section       74  sys_stackheap_outer.o(.text)
    .text                                    0x08003d32   Section        0  exit.o(.text)
    .text                                    0x08003d40   Section      128  strcmpv7m.o(.text)
    .text                                    0x08003dc0   Section       12  rt_fp_status_addr_intlibspace.o(.text)
    .text                                    0x08003dcc   Section       20  sys_exit.o(.text)
    .text                                    0x08003de0   Section        2  use_no_semi.o(.text)
    CL$$btod_d2e                             0x08003de2   Section       62  btod.o(CL$$btod_d2e)
    CL$$btod_d2e_denorm_low                  0x08003e20   Section       70  btod.o(CL$$btod_d2e_denorm_low)
    CL$$btod_d2e_norm_op1                    0x08003e66   Section       96  btod.o(CL$$btod_d2e_norm_op1)
    CL$$btod_div_common                      0x08003ec6   Section      824  btod.o(CL$$btod_div_common)
    CL$$btod_e2e                             0x080041fe   Section      198  btod.o(CL$$btod_e2e)
    CL$$btod_ediv                            0x080042c4   Section       40  btod.o(CL$$btod_ediv)
    CL$$btod_emul                            0x080042ec   Section       40  btod.o(CL$$btod_emul)
    CL$$btod_mult_common                     0x08004314   Section      580  btod.o(CL$$btod_mult_common)
    i.__ARM_fpclassify                       0x08004558   Section        0  fpclassify.o(i.__ARM_fpclassify)
    locale$$code                             0x08004580   Section       44  lc_numeric_c.o(locale$$code)
    x$fpl$d2f                                0x080045ac   Section      148  d2f.o(x$fpl$d2f)
    x$fpl$dcheck                             0x08004640   Section       16  dcheck.o(x$fpl$dcheck)
    x$fpl$dcheck1                            0x08004650   Section       16  dcheck1.o(x$fpl$dcheck1)
    x$fpl$dcmpinfnan                         0x08004660   Section      120  dcmpin.o(x$fpl$dcmpinfnan)
    x$fpl$ddiv                               0x080046d8   Section     1024  ddiv.o(x$fpl$ddiv)
    ddiv_entry                               0x080046db   Thumb Code     0  ddiv.o(x$fpl$ddiv)
    x$fpl$dfixu                              0x08004ad8   Section      116  dfixu.o(x$fpl$dfixu)
    x$fpl$dflt                               0x08004b4c   Section       44  dflt_clz.o(x$fpl$dflt)
    x$fpl$dleqf                              0x08004b78   Section      112  dleqf.o(x$fpl$dleqf)
    x$fpl$dmul                               0x08004be8   Section      456  dmul.o(x$fpl$dmul)
    x$fpl$drleqf                             0x08004db0   Section      136  drleqf.o(x$fpl$drleqf)
    x$fpl$dunder                             0x08004e38   Section      236  dunder.o(x$fpl$dunder)
    x$fpl$f2d                                0x08004f24   Section       80  f2d.o(x$fpl$f2d)
    x$fpl$fcheck                             0x08004f74   Section       12  fcheck.o(x$fpl$fcheck)
    x$fpl$fcheck1                            0x08004f80   Section       12  fcheck1.o(x$fpl$fcheck1)
    x$fpl$fflt                               0x08004f8c   Section       50  fflt_clz.o(x$fpl$fflt)
    x$fpl$ffltu                              0x08004fbe   Section        8  fflt_clz.o(x$fpl$ffltu)
    x$fpl$fmul                               0x08004fc8   Section      264  fmul.o(x$fpl$fmul)
    x$fpl$fnorm2                             0x080050d0   Section       74  fnorm2_clz.o(x$fpl$fnorm2)
    x$fpl$fpinit                             0x0800511a   Section       14  fpinit.o(x$fpl$fpinit)
    x$fpl$funder                             0x08005128   Section      134  funder.o(x$fpl$funder)
    x$fpl$printf1                            0x080051ae   Section        4  printf1.o(x$fpl$printf1)
    x$fpl$retnan                             0x080051b2   Section      100  retnan.o(x$fpl$retnan)
    x$fpl$trapveneer                         0x08005216   Section       48  trapv.o(x$fpl$trapveneer)
    .constdata                               0x08005246   Section     4560  lcd.o(.constdata)
    x$fpl$usenofp                            0x08005246   Section        0  usenofp.o(x$fpl$usenofp)
    .constdata                               0x08006418   Section      148  bigflt0.o(.constdata)
    tenpwrs_x                                0x08006418   Data          60  bigflt0.o(.constdata)
    tenpwrs_i                                0x08006454   Data          64  bigflt0.o(.constdata)
    locale$$data                             0x080064cc   Section       28  lc_numeric_c.o(locale$$data)
    __lcnum_c_name                           0x080064d0   Data           2  lc_numeric_c.o(locale$$data)
    __lcnum_c_start                          0x080064d8   Data           0  lc_numeric_c.o(locale$$data)
    __lcnum_c_point                          0x080064e4   Data           0  lc_numeric_c.o(locale$$data)
    __lcnum_c_thousands                      0x080064e6   Data           0  lc_numeric_c.o(locale$$data)
    __lcnum_c_grouping                       0x080064e7   Data           0  lc_numeric_c.o(locale$$data)
    __lcnum_c_end                            0x080064e8   Data           0  lc_numeric_c.o(locale$$data)
    .data                                    0x20000000   Section       20  system_stm32f10x.o(.data)
    .data                                    0x20000014   Section       20  stm32f10x_rcc.o(.data)
    APBAHBPrescTable                         0x20000014   Data          16  stm32f10x_rcc.o(.data)
    ADCPrescTable                            0x20000024   Data           4  stm32f10x_rcc.o(.data)
    .data                                    0x20000028   Section        6  lcd.o(.data)
    TextColor                                0x20000028   Data           2  lcd.o(.data)
    BackColor                                0x2000002a   Data           2  lcd.o(.data)
    .data                                    0x20000030   Section        4  main.o(.data)
    .data                                    0x20000034   Section        8  adc.o(.data)
    .data                                    0x2000003c   Section        3  pwmoc.o(.data)
    PA6Para_A                                0x2000003d   Data           1  pwmoc.o(.data)
    PA7Para_A                                0x2000003e   Data           1  pwmoc.o(.data)
    .data                                    0x2000003f   Section        5  ui.o(.data)
    UIIndex_BP                               0x20000043   Data           1  ui.o(.data)
    .bss                                     0x20000044   Section      255  main.o(.bss)
    .bss                                     0x20000144   Section       96  libspace.o(.bss)
    HEAP                                     0x200001a8   Section      512  startup_stm32f10x_md.o(HEAP)
    Heap_Mem                                 0x200001a8   Data         512  startup_stm32f10x_md.o(HEAP)
    STACK                                    0x200003a8   Section     1024  startup_stm32f10x_md.o(STACK)
    Stack_Mem                                0x200003a8   Data        1024  startup_stm32f10x_md.o(STACK)
    __initial_sp                             0x200007a8   Data           0  startup_stm32f10x_md.o(STACK)

    Global Symbols

    Symbol Name                              Value     Ov Type        Size  Object(Section)

    BuildAttributes$$THM_ISAv4$P$D$K$B$S$PE$A:L22UL41UL21$X:L11$S22US41US21$IEEE1$IW$USESV6$~STKCKD$USESV7$~SHL$OTIME$ROPI$IEEEJ$EBA8$UX$STANDARDLIB$REQ8$PRES8$EABIv2 0x00000000   Number         0  anon$$obj.o ABSOLUTE
    __ARM_use_no_argv                        0x00000000   Number         0  main.o ABSOLUTE
    _printf_flags                            0x00000000   Number         0  printf_stubs.o ABSOLUTE
    _printf_return_value                     0x00000000   Number         0  printf_stubs.o ABSOLUTE
    _printf_sizespec                         0x00000000   Number         0  printf_stubs.o ABSOLUTE
    _printf_widthprec                        0x00000000   Number         0  printf_stubs.o ABSOLUTE
    __ARM_exceptions_init                     - Undefined Weak Reference
    __alloca_initialize                       - Undefined Weak Reference
    __cpp_initialize__aeabi_                  - Undefined Weak Reference
    __cxa_finalize                            - Undefined Weak Reference
    __fpl_infinity                            - Undefined Weak Reference
    __sigvec_lookup                           - Undefined Weak Reference
    _atexit_init                              - Undefined Weak Reference
    _call_atexit_fns                          - Undefined Weak Reference
    _clock_init                               - Undefined Weak Reference
    _fp_trap_init                             - Undefined Weak Reference
    _fp_trap_shutdown                         - Undefined Weak Reference
    _get_lc_collate                           - Undefined Weak Reference
    _get_lc_ctype                             - Undefined Weak Reference
    _get_lc_monetary                          - Undefined Weak Reference
    _get_lc_time                              - Undefined Weak Reference
    _getenv_init                              - Undefined Weak Reference
    _handle_redirection                       - Undefined Weak Reference
    _init_alloc                               - Undefined Weak Reference
    _init_user_alloc                          - Undefined Weak Reference
    _initio                                   - Undefined Weak Reference
    _printf_post_padding                      - Undefined Weak Reference
    _printf_pre_padding                       - Undefined Weak Reference
    _printf_truncate_signed                   - Undefined Weak Reference
    _printf_truncate_unsigned                 - Undefined Weak Reference
    _rand_init                                - Undefined Weak Reference
    _signal_finish                            - Undefined Weak Reference
    _signal_init                              - Undefined Weak Reference
    _terminate_alloc                          - Undefined Weak Reference
    _terminate_user_alloc                     - Undefined Weak Reference
    _terminateio                              - Undefined Weak Reference
    __Vectors_Size                           0x000000ec   Number         0  startup_stm32f10x_md.o ABSOLUTE
    __Vectors                                0x08000000   Data           4  startup_stm32f10x_md.o(RESET)
    __Vectors_End                            0x080000ec   Data           0  startup_stm32f10x_md.o(RESET)
    __main                                   0x080000ed   Thumb Code     8  __main.o(!!!main)
    __scatterload                            0x080000f5   Thumb Code     0  __scatter.o(!!!scatter)
    __scatterload_rt2                        0x080000f5   Thumb Code    44  __scatter.o(!!!scatter)
    __scatterload_rt2_thumb_only             0x080000f5   Thumb Code     0  __scatter.o(!!!scatter)
    __scatterload_null                       0x08000103   Thumb Code     0  __scatter.o(!!!scatter)
    __scatterload_copy                       0x08000129   Thumb Code    26  __scatter_copy.o(!!handler_copy)
    __scatterload_zeroinit                   0x08000145   Thumb Code    28  __scatter_zi.o(!!handler_zi)
    _printf_f                                0x08000161   Thumb Code     0  _printf_f.o(.ARM.Collect$$_printf_percent$$00000003)
    _printf_percent                          0x08000161   Thumb Code     0  _printf_percent.o(.ARM.Collect$$_printf_percent$$00000000)
    _printf_d                                0x08000167   Thumb Code     0  _printf_d.o(.ARM.Collect$$_printf_percent$$00000009)
    _printf_percent_end                      0x0800016d   Thumb Code     0  _printf_percent_end.o(.ARM.Collect$$_printf_percent$$00000017)
    __rt_lib_init                            0x08000171   Thumb Code     0  libinit.o(.ARM.Collect$$libinit$$00000000)
    __rt_lib_init_heap_1                     0x08000177   Thumb Code     0  libinit2.o(.ARM.Collect$$libinit$$00000006)
    __rt_lib_init_lc_common                  0x08000177   Thumb Code     0  libinit2.o(.ARM.Collect$$libinit$$0000000B)
    __rt_lib_init_rand_1                     0x08000177   Thumb Code     0  libinit2.o(.ARM.Collect$$libinit$$0000000A)
    __rt_lib_init_user_alloc_1               0x08000177   Thumb Code     0  libinit2.o(.ARM.Collect$$libinit$$00000008)
    __rt_lib_init_lc_collate_1               0x0800017d   Thumb Code     0  libinit2.o(.ARM.Collect$$libinit$$0000000D)
    __rt_lib_init_lc_ctype_1                 0x0800017d   Thumb Code     0  libinit2.o(.ARM.Collect$$libinit$$0000000F)
    __rt_lib_init_lc_monetary_1              0x0800017d   Thumb Code     0  libinit2.o(.ARM.Collect$$libinit$$00000011)
    __rt_lib_init_lc_numeric_2               0x0800017d   Thumb Code     0  libinit2.o(.ARM.Collect$$libinit$$00000012)
    __rt_lib_init_alloca_1                   0x08000187   Thumb Code     0  libinit2.o(.ARM.Collect$$libinit$$0000002A)
    __rt_lib_init_argv_1                     0x08000187   Thumb Code     0  libinit2.o(.ARM.Collect$$libinit$$00000028)
    __rt_lib_init_atexit_1                   0x08000187   Thumb Code     0  libinit2.o(.ARM.Collect$$libinit$$00000017)
    __rt_lib_init_clock_1                    0x08000187   Thumb Code     0  libinit2.o(.ARM.Collect$$libinit$$0000001D)
    __rt_lib_init_cpp_1                      0x08000187   Thumb Code     0  libinit2.o(.ARM.Collect$$libinit$$0000002E)
    __rt_lib_init_exceptions_1               0x08000187   Thumb Code     0  libinit2.o(.ARM.Collect$$libinit$$0000002C)
    __rt_lib_init_fp_trap_1                  0x08000187   Thumb Code     0  libinit2.o(.ARM.Collect$$libinit$$0000001B)
    __rt_lib_init_getenv_1                   0x08000187   Thumb Code     0  libinit2.o(.ARM.Collect$$libinit$$0000001F)
    __rt_lib_init_lc_numeric_1               0x08000187   Thumb Code     0  libinit2.o(.ARM.Collect$$libinit$$00000013)
    __rt_lib_init_lc_time_1                  0x08000187   Thumb Code     0  libinit2.o(.ARM.Collect$$libinit$$00000015)
    __rt_lib_init_return                     0x08000187   Thumb Code     0  libinit2.o(.ARM.Collect$$libinit$$0000002F)
    __rt_lib_init_signal_1                   0x08000187   Thumb Code     0  libinit2.o(.ARM.Collect$$libinit$$00000019)
    __rt_lib_init_stdio_1                    0x08000187   Thumb Code     0  libinit2.o(.ARM.Collect$$libinit$$00000021)
    __rt_lib_shutdown                        0x08000189   Thumb Code     0  libshutdown.o(.ARM.Collect$$libshutdown$$00000000)
    __rt_lib_shutdown_fp_trap_1              0x0800018b   Thumb Code     0  libshutdown2.o(.ARM.Collect$$libshutdown$$00000006)
    __rt_lib_shutdown_heap_1                 0x0800018b   Thumb Code     0  libshutdown2.o(.ARM.Collect$$libshutdown$$0000000E)
    __rt_lib_shutdown_return                 0x0800018b   Thumb Code     0  libshutdown2.o(.ARM.Collect$$libshutdown$$0000000F)
    __rt_lib_shutdown_signal_1               0x0800018b   Thumb Code     0  libshutdown2.o(.ARM.Collect$$libshutdown$$00000009)
    __rt_lib_shutdown_stdio_1                0x0800018b   Thumb Code     0  libshutdown2.o(.ARM.Collect$$libshutdown$$00000003)
    __rt_lib_shutdown_user_alloc_1           0x0800018b   Thumb Code     0  libshutdown2.o(.ARM.Collect$$libshutdown$$0000000B)
    __rt_entry                               0x0800018d   Thumb Code     0  rtentry.o(.ARM.Collect$$rtentry$$00000000)
    __rt_entry_presh_1                       0x0800018d   Thumb Code     0  rtentry2.o(.ARM.Collect$$rtentry$$00000002)
    __rt_entry_sh                            0x0800018d   Thumb Code     0  rtentry4.o(.ARM.Collect$$rtentry$$00000004)
    __rt_entry_li                            0x08000193   Thumb Code     0  rtentry2.o(.ARM.Collect$$rtentry$$0000000A)
    __rt_entry_postsh_1                      0x08000193   Thumb Code     0  rtentry2.o(.ARM.Collect$$rtentry$$00000009)
    __rt_entry_main                          0x08000197   Thumb Code     0  rtentry2.o(.ARM.Collect$$rtentry$$0000000D)
    __rt_entry_postli_1                      0x08000197   Thumb Code     0  rtentry2.o(.ARM.Collect$$rtentry$$0000000C)
    __rt_exit                                0x0800019f   Thumb Code     0  rtexit.o(.ARM.Collect$$rtexit$$00000000)
    __rt_exit_ls                             0x080001a1   Thumb Code     0  rtexit2.o(.ARM.Collect$$rtexit$$00000003)
    __rt_exit_prels_1                        0x080001a1   Thumb Code     0  rtexit2.o(.ARM.Collect$$rtexit$$00000002)
    __rt_exit_exit                           0x080001a5   Thumb Code     0  rtexit2.o(.ARM.Collect$$rtexit$$00000004)
    Reset_Handler                            0x080001ad   Thumb Code     8  startup_stm32f10x_md.o(.text)
    ADC1_2_IRQHandler                        0x080001c7   Thumb Code     0  startup_stm32f10x_md.o(.text)
    CAN1_RX1_IRQHandler                      0x080001c7   Thumb Code     0  startup_stm32f10x_md.o(.text)
    CAN1_SCE_IRQHandler                      0x080001c7   Thumb Code     0  startup_stm32f10x_md.o(.text)
    DMA1_Channel1_IRQHandler                 0x080001c7   Thumb Code     0  startup_stm32f10x_md.o(.text)
    DMA1_Channel2_IRQHandler                 0x080001c7   Thumb Code     0  startup_stm32f10x_md.o(.text)
    DMA1_Channel3_IRQHandler                 0x080001c7   Thumb Code     0  startup_stm32f10x_md.o(.text)
    DMA1_Channel4_IRQHandler                 0x080001c7   Thumb Code     0  startup_stm32f10x_md.o(.text)
    DMA1_Channel5_IRQHandler                 0x080001c7   Thumb Code     0  startup_stm32f10x_md.o(.text)
    DMA1_Channel6_IRQHandler                 0x080001c7   Thumb Code     0  startup_stm32f10x_md.o(.text)
    DMA1_Channel7_IRQHandler                 0x080001c7   Thumb Code     0  startup_stm32f10x_md.o(.text)
    EXTI15_10_IRQHandler                     0x080001c7   Thumb Code     0  startup_stm32f10x_md.o(.text)
    EXTI3_IRQHandler                         0x080001c7   Thumb Code     0  startup_stm32f10x_md.o(.text)
    EXTI4_IRQHandler                         0x080001c7   Thumb Code     0  startup_stm32f10x_md.o(.text)
    FLASH_IRQHandler                         0x080001c7   Thumb Code     0  startup_stm32f10x_md.o(.text)
    I2C1_ER_IRQHandler                       0x080001c7   Thumb Code     0  startup_stm32f10x_md.o(.text)
    I2C1_EV_IRQHandler                       0x080001c7   Thumb Code     0  startup_stm32f10x_md.o(.text)
    I2C2_ER_IRQHandler                       0x080001c7   Thumb Code     0  startup_stm32f10x_md.o(.text)
    I2C2_EV_IRQHandler                       0x080001c7   Thumb Code     0  startup_stm32f10x_md.o(.text)
    PVD_IRQHandler                           0x080001c7   Thumb Code     0  startup_stm32f10x_md.o(.text)
    RCC_IRQHandler                           0x080001c7   Thumb Code     0  startup_stm32f10x_md.o(.text)
    RTCAlarm_IRQHandler                      0x080001c7   Thumb Code     0  startup_stm32f10x_md.o(.text)
    RTC_IRQHandler                           0x080001c7   Thumb Code     0  startup_stm32f10x_md.o(.text)
    SPI1_IRQHandler                          0x080001c7   Thumb Code     0  startup_stm32f10x_md.o(.text)
    SPI2_IRQHandler                          0x080001c7   Thumb Code     0  startup_stm32f10x_md.o(.text)
    TAMPER_IRQHandler                        0x080001c7   Thumb Code     0  startup_stm32f10x_md.o(.text)
    TIM1_BRK_IRQHandler                      0x080001c7   Thumb Code     0  startup_stm32f10x_md.o(.text)
    TIM1_CC_IRQHandler                       0x080001c7   Thumb Code     0  startup_stm32f10x_md.o(.text)
    TIM1_TRG_COM_IRQHandler                  0x080001c7   Thumb Code     0  startup_stm32f10x_md.o(.text)
    TIM1_UP_IRQHandler                       0x080001c7   Thumb Code     0  startup_stm32f10x_md.o(.text)
    TIM2_IRQHandler                          0x080001c7   Thumb Code     0  startup_stm32f10x_md.o(.text)
    TIM3_IRQHandler                          0x080001c7   Thumb Code     0  startup_stm32f10x_md.o(.text)
    TIM4_IRQHandler                          0x080001c7   Thumb Code     0  startup_stm32f10x_md.o(.text)
    USART1_IRQHandler                        0x080001c7   Thumb Code     0  startup_stm32f10x_md.o(.text)
    USART2_IRQHandler                        0x080001c7   Thumb Code     0  startup_stm32f10x_md.o(.text)
    USART3_IRQHandler                        0x080001c7   Thumb Code     0  startup_stm32f10x_md.o(.text)
    USBWakeUp_IRQHandler                     0x080001c7   Thumb Code     0  startup_stm32f10x_md.o(.text)
    USB_HP_CAN1_TX_IRQHandler                0x080001c7   Thumb Code     0  startup_stm32f10x_md.o(.text)
    USB_LP_CAN1_RX0_IRQHandler               0x080001c7   Thumb Code     0  startup_stm32f10x_md.o(.text)
    WWDG_IRQHandler                          0x080001c7   Thumb Code     0  startup_stm32f10x_md.o(.text)
    __user_initial_stackheap                 0x080001c9   Thumb Code     0  startup_stm32f10x_md.o(.text)
    SystemInit                               0x080002b5   Thumb Code    78  system_stm32f10x.o(.text)
    SystemCoreClockUpdate                    0x08000303   Thumb Code   142  system_stm32f10x.o(.text)
    GPIO_DeInit                              0x080003b5   Thumb Code   172  stm32f10x_gpio.o(.text)
    GPIO_AFIODeInit                          0x08000461   Thumb Code    20  stm32f10x_gpio.o(.text)
    GPIO_Init                                0x08000475   Thumb Code   272  stm32f10x_gpio.o(.text)
    GPIO_StructInit                          0x08000585   Thumb Code    16  stm32f10x_gpio.o(.text)
    GPIO_ReadInputDataBit                    0x08000595   Thumb Code    18  stm32f10x_gpio.o(.text)
    GPIO_ReadInputData                       0x080005a7   Thumb Code     8  stm32f10x_gpio.o(.text)
    GPIO_ReadOutputDataBit                   0x080005af   Thumb Code    18  stm32f10x_gpio.o(.text)
    GPIO_ReadOutputData                      0x080005c1   Thumb Code     8  stm32f10x_gpio.o(.text)
    GPIO_SetBits                             0x080005c9   Thumb Code     4  stm32f10x_gpio.o(.text)
    GPIO_ResetBits                           0x080005cd   Thumb Code     4  stm32f10x_gpio.o(.text)
    GPIO_WriteBit                            0x080005d1   Thumb Code    10  stm32f10x_gpio.o(.text)
    GPIO_Write                               0x080005db   Thumb Code     4  stm32f10x_gpio.o(.text)
    GPIO_PinLockConfig                       0x080005df   Thumb Code    18  stm32f10x_gpio.o(.text)
    GPIO_EventOutputConfig                   0x080005f1   Thumb Code    24  stm32f10x_gpio.o(.text)
    GPIO_EventOutputCmd                      0x08000609   Thumb Code     6  stm32f10x_gpio.o(.text)
    GPIO_PinRemapConfig                      0x0800060f   Thumb Code   136  stm32f10x_gpio.o(.text)
    GPIO_EXTILineConfig                      0x08000697   Thumb Code    60  stm32f10x_gpio.o(.text)
    GPIO_ETH_MediaInterfaceConfig            0x080006d3   Thumb Code     6  stm32f10x_gpio.o(.text)
    RCC_DeInit                               0x08000701   Thumb Code    64  stm32f10x_rcc.o(.text)
    RCC_HSEConfig                            0x08000741   Thumb Code    70  stm32f10x_rcc.o(.text)
    RCC_GetFlagStatus                        0x08000787   Thumb Code    56  stm32f10x_rcc.o(.text)
    RCC_WaitForHSEStartUp                    0x080007bf   Thumb Code    48  stm32f10x_rcc.o(.text)
    RCC_AdjustHSICalibrationValue            0x080007ef   Thumb Code    18  stm32f10x_rcc.o(.text)
    RCC_HSICmd                               0x08000801   Thumb Code     6  stm32f10x_rcc.o(.text)
    RCC_PLLConfig                            0x08000807   Thumb Code    22  stm32f10x_rcc.o(.text)
    RCC_PLLCmd                               0x0800081d   Thumb Code     6  stm32f10x_rcc.o(.text)
    RCC_SYSCLKConfig                         0x08000823   Thumb Code    16  stm32f10x_rcc.o(.text)
    RCC_GetSYSCLKSource                      0x08000833   Thumb Code    10  stm32f10x_rcc.o(.text)
    RCC_HCLKConfig                           0x0800083d   Thumb Code    16  stm32f10x_rcc.o(.text)
    RCC_PCLK1Config                          0x0800084d   Thumb Code    16  stm32f10x_rcc.o(.text)
    RCC_PCLK2Config                          0x0800085d   Thumb Code    18  stm32f10x_rcc.o(.text)
    RCC_ITConfig                             0x0800086f   Thumb Code    30  stm32f10x_rcc.o(.text)
    RCC_USBCLKConfig                         0x0800088d   Thumb Code     6  stm32f10x_rcc.o(.text)
    RCC_ADCCLKConfig                         0x08000893   Thumb Code    16  stm32f10x_rcc.o(.text)
    RCC_LSEConfig                            0x080008a3   Thumb Code    44  stm32f10x_rcc.o(.text)
    RCC_LSICmd                               0x080008cf   Thumb Code     6  stm32f10x_rcc.o(.text)
    RCC_RTCCLKConfig                         0x080008d5   Thumb Code    12  stm32f10x_rcc.o(.text)
    RCC_RTCCLKCmd                            0x080008e1   Thumb Code     6  stm32f10x_rcc.o(.text)
    RCC_GetClocksFreq                        0x080008e7   Thumb Code   194  stm32f10x_rcc.o(.text)
    RCC_AHBPeriphClockCmd                    0x080009a9   Thumb Code    26  stm32f10x_rcc.o(.text)
    RCC_APB2PeriphClockCmd                   0x080009c3   Thumb Code    26  stm32f10x_rcc.o(.text)
    RCC_APB1PeriphClockCmd                   0x080009dd   Thumb Code    26  stm32f10x_rcc.o(.text)
    RCC_APB2PeriphResetCmd                   0x080009f7   Thumb Code    26  stm32f10x_rcc.o(.text)
    RCC_APB1PeriphResetCmd                   0x08000a11   Thumb Code    26  stm32f10x_rcc.o(.text)
    RCC_BackupResetCmd                       0x08000a2b   Thumb Code     6  stm32f10x_rcc.o(.text)
    RCC_ClockSecuritySystemCmd               0x08000a31   Thumb Code     6  stm32f10x_rcc.o(.text)
    RCC_MCOConfig                            0x08000a37   Thumb Code     6  stm32f10x_rcc.o(.text)
    RCC_ClearFlag                            0x08000a3d   Thumb Code    14  stm32f10x_rcc.o(.text)
    RCC_GetITStatus                          0x08000a4b   Thumb Code    20  stm32f10x_rcc.o(.text)
    RCC_ClearITPendingBit                    0x08000a5f   Thumb Code     6  stm32f10x_rcc.o(.text)
    NVIC_PriorityGroupConfig                 0x08000a95   Thumb Code    10  misc.o(.text)
    NVIC_Init                                0x08000a9f   Thumb Code   118  misc.o(.text)
    NVIC_SetVectorTable                      0x08000b15   Thumb Code    12  misc.o(.text)
    NVIC_SystemLPConfig                      0x08000b21   Thumb Code    38  misc.o(.text)
    SysTick_CLKSourceConfig                  0x08000b47   Thumb Code    40  misc.o(.text)
    ADC_DeInit                               0x08000b8d   Thumb Code    78  stm32f10x_adc.o(.text)
    ADC_Init                                 0x08000bdb   Thumb Code    68  stm32f10x_adc.o(.text)
    ADC_StructInit                           0x08000c1f   Thumb Code    18  stm32f10x_adc.o(.text)
    ADC_Cmd                                  0x08000c31   Thumb Code    22  stm32f10x_adc.o(.text)
    ADC_DMACmd                               0x08000c47   Thumb Code    22  stm32f10x_adc.o(.text)
    ADC_ITConfig                             0x08000c5d   Thumb Code    24  stm32f10x_adc.o(.text)
    ADC_ResetCalibration                     0x08000c75   Thumb Code    10  stm32f10x_adc.o(.text)
    ADC_GetResetCalibrationStatus            0x08000c7f   Thumb Code    20  stm32f10x_adc.o(.text)
    ADC_StartCalibration                     0x08000c93   Thumb Code    10  stm32f10x_adc.o(.text)
    ADC_GetCalibrationStatus                 0x08000c9d   Thumb Code    20  stm32f10x_adc.o(.text)
    ADC_SoftwareStartConvCmd                 0x08000cb1   Thumb Code    22  stm32f10x_adc.o(.text)
    ADC_GetSoftwareStartConvStatus           0x08000cc7   Thumb Code    20  stm32f10x_adc.o(.text)
    ADC_DiscModeChannelCountConfig           0x08000cdb   Thumb Code    22  stm32f10x_adc.o(.text)
    ADC_DiscModeCmd                          0x08000cf1   Thumb Code    22  stm32f10x_adc.o(.text)
    ADC_RegularChannelConfig                 0x08000d07   Thumb Code   180  stm32f10x_adc.o(.text)
    ADC_ExternalTrigConvCmd                  0x08000dbb   Thumb Code    22  stm32f10x_adc.o(.text)
    ADC_GetConversionValue                   0x08000dd1   Thumb Code     8  stm32f10x_adc.o(.text)
    ADC_GetDualModeConversionValue           0x08000dd9   Thumb Code     6  stm32f10x_adc.o(.text)
    ADC_AutoInjectedConvCmd                  0x08000ddf   Thumb Code    22  stm32f10x_adc.o(.text)
    ADC_InjectedDiscModeCmd                  0x08000df5   Thumb Code    22  stm32f10x_adc.o(.text)
    ADC_ExternalTrigInjectedConvConfig       0x08000e0b   Thumb Code    14  stm32f10x_adc.o(.text)
    ADC_ExternalTrigInjectedConvCmd          0x08000e19   Thumb Code    22  stm32f10x_adc.o(.text)
    ADC_SoftwareStartInjectedConvCmd         0x08000e2f   Thumb Code    22  stm32f10x_adc.o(.text)
    ADC_GetSoftwareStartInjectedConvCmdStatus 0x08000e45   Thumb Code    20  stm32f10x_adc.o(.text)
    ADC_InjectedChannelConfig                0x08000e59   Thumb Code   126  stm32f10x_adc.o(.text)
    ADC_InjectedSequencerLengthConfig        0x08000ed7   Thumb Code    22  stm32f10x_adc.o(.text)
    ADC_SetInjectedOffset                    0x08000eed   Thumb Code    14  stm32f10x_adc.o(.text)
    ADC_GetInjectedConversionValue           0x08000efb   Thumb Code    20  stm32f10x_adc.o(.text)
    ADC_AnalogWatchdogCmd                    0x08000f0f   Thumb Code    14  stm32f10x_adc.o(.text)
    ADC_AnalogWatchdogThresholdsConfig       0x08000f1d   Thumb Code     6  stm32f10x_adc.o(.text)
    ADC_AnalogWatchdogSingleChannelConfig    0x08000f23   Thumb Code    14  stm32f10x_adc.o(.text)
    ADC_TempSensorVrefintCmd                 0x08000f31   Thumb Code    34  stm32f10x_adc.o(.text)
    ADC_GetFlagStatus                        0x08000f53   Thumb Code    18  stm32f10x_adc.o(.text)
    ADC_ClearFlag                            0x08000f65   Thumb Code     6  stm32f10x_adc.o(.text)
    ADC_GetITStatus                          0x08000f6b   Thumb Code    74  stm32f10x_adc.o(.text)
    ADC_ClearITPendingBit                    0x08000fb5   Thumb Code    10  stm32f10x_adc.o(.text)
    EXTI_DeInit                              0x08000fc1   Thumb Code    30  stm32f10x_exti.o(.text)
    EXTI_Init                                0x08000fdf   Thumb Code   160  stm32f10x_exti.o(.text)
    EXTI_StructInit                          0x0800107f   Thumb Code    16  stm32f10x_exti.o(.text)
    EXTI_GenerateSWInterrupt                 0x0800108f   Thumb Code    16  stm32f10x_exti.o(.text)
    EXTI_GetFlagStatus                       0x0800109f   Thumb Code    20  stm32f10x_exti.o(.text)
    EXTI_ClearFlag                           0x080010b3   Thumb Code     6  stm32f10x_exti.o(.text)
    EXTI_GetITStatus                         0x080010b9   Thumb Code    34  stm32f10x_exti.o(.text)
    EXTI_ClearITPendingBit                   0x080010db   Thumb Code     6  stm32f10x_exti.o(.text)
    TIM_DeInit                               0x080010fd   Thumb Code   424  stm32f10x_tim.o(.text)
    TIM_TimeBaseInit                         0x080012a5   Thumb Code   122  stm32f10x_tim.o(.text)
    TIM_OC1Init                              0x0800131f   Thumb Code   132  stm32f10x_tim.o(.text)
    TIM_OC2Init                              0x080013a3   Thumb Code   146  stm32f10x_tim.o(.text)
    TIM_OC3Init                              0x08001435   Thumb Code   142  stm32f10x_tim.o(.text)
    TIM_OC4Init                              0x080014c3   Thumb Code   172  stm32f10x_tim.o(.text)
    TIM_SetIC4Prescaler                      0x0800156f   Thumb Code    22  stm32f10x_tim.o(.text)
    TIM_SetIC3Prescaler                      0x080015f7   Thumb Code    18  stm32f10x_tim.o(.text)
    TIM_SetIC2Prescaler                      0x08001677   Thumb Code    22  stm32f10x_tim.o(.text)
    TIM_SetIC1Prescaler                      0x080016ff   Thumb Code    18  stm32f10x_tim.o(.text)
    TIM_ICInit                               0x08001777   Thumb Code   150  stm32f10x_tim.o(.text)
    TIM_PWMIConfig                           0x0800180d   Thumb Code   124  stm32f10x_tim.o(.text)
    TIM_BDTRConfig                           0x08001889   Thumb Code    32  stm32f10x_tim.o(.text)
    TIM_TimeBaseStructInit                   0x080018a9   Thumb Code    18  stm32f10x_tim.o(.text)
    TIM_OCStructInit                         0x080018bb   Thumb Code    20  stm32f10x_tim.o(.text)
    TIM_ICStructInit                         0x080018cf   Thumb Code    18  stm32f10x_tim.o(.text)
    TIM_BDTRStructInit                       0x080018e1   Thumb Code    18  stm32f10x_tim.o(.text)
    TIM_Cmd                                  0x080018f3   Thumb Code    24  stm32f10x_tim.o(.text)
    TIM_CtrlPWMOutputs                       0x0800190b   Thumb Code    50  stm32f10x_tim.o(.text)
    TIM_ITConfig                             0x0800193d   Thumb Code    24  stm32f10x_tim.o(.text)
    TIM_GenerateEvent                        0x08001955   Thumb Code     4  stm32f10x_tim.o(.text)
    TIM_DMAConfig                            0x08001959   Thumb Code    10  stm32f10x_tim.o(.text)
    TIM_DMACmd                               0x08001963   Thumb Code    24  stm32f10x_tim.o(.text)
    TIM_InternalClockConfig                  0x0800197b   Thumb Code    12  stm32f10x_tim.o(.text)
    TIM_SelectInputTrigger                   0x08001987   Thumb Code    16  stm32f10x_tim.o(.text)
    TIM_ITRxExternalClockConfig              0x08001997   Thumb Code    24  stm32f10x_tim.o(.text)
    TIM_TIxExternalClockConfig               0x080019af   Thumb Code    62  stm32f10x_tim.o(.text)
    TIM_ETRConfig                            0x080019ed   Thumb Code    22  stm32f10x_tim.o(.text)
    TIM_ETRClockMode1Config                  0x08001a03   Thumb Code    54  stm32f10x_tim.o(.text)
    TIM_ETRClockMode2Config                  0x08001a39   Thumb Code    32  stm32f10x_tim.o(.text)
    TIM_PrescalerConfig                      0x08001a59   Thumb Code     6  stm32f10x_tim.o(.text)
    TIM_CounterModeConfig                    0x08001a5f   Thumb Code    16  stm32f10x_tim.o(.text)
    TIM_EncoderInterfaceConfig               0x08001a6f   Thumb Code    56  stm32f10x_tim.o(.text)
    TIM_ForcedOC1Config                      0x08001aa7   Thumb Code    16  stm32f10x_tim.o(.text)
    TIM_ForcedOC2Config                      0x08001ab7   Thumb Code    20  stm32f10x_tim.o(.text)
    TIM_ForcedOC3Config                      0x08001acb   Thumb Code    16  stm32f10x_tim.o(.text)
    TIM_ForcedOC4Config                      0x08001adb   Thumb Code    20  stm32f10x_tim.o(.text)
    TIM_ARRPreloadConfig                     0x08001aef   Thumb Code    24  stm32f10x_tim.o(.text)
    TIM_SelectCOM                            0x08001b07   Thumb Code    24  stm32f10x_tim.o(.text)
    TIM_SelectCCDMA                          0x08001b1f   Thumb Code    24  stm32f10x_tim.o(.text)
    TIM_CCPreloadControl                     0x08001b37   Thumb Code    24  stm32f10x_tim.o(.text)
    TIM_OC1PreloadConfig                     0x08001b4f   Thumb Code    16  stm32f10x_tim.o(.text)
    TIM_OC2PreloadConfig                     0x08001b5f   Thumb Code    20  stm32f10x_tim.o(.text)
    TIM_OC3PreloadConfig                     0x08001b73   Thumb Code    16  stm32f10x_tim.o(.text)
    TIM_OC4PreloadConfig                     0x08001b83   Thumb Code    20  stm32f10x_tim.o(.text)
    TIM_OC1FastConfig                        0x08001b97   Thumb Code    16  stm32f10x_tim.o(.text)
    TIM_OC2FastConfig                        0x08001ba7   Thumb Code    20  stm32f10x_tim.o(.text)
    TIM_OC3FastConfig                        0x08001bbb   Thumb Code    16  stm32f10x_tim.o(.text)
    TIM_OC4FastConfig                        0x08001bcb   Thumb Code    20  stm32f10x_tim.o(.text)
    TIM_ClearOC1Ref                          0x08001bdf   Thumb Code    16  stm32f10x_tim.o(.text)
    TIM_ClearOC2Ref                          0x08001bef   Thumb Code    18  stm32f10x_tim.o(.text)
    TIM_ClearOC3Ref                          0x08001c01   Thumb Code    16  stm32f10x_tim.o(.text)
    TIM_ClearOC4Ref                          0x08001c11   Thumb Code    18  stm32f10x_tim.o(.text)
    TIM_OC1PolarityConfig                    0x08001c23   Thumb Code    16  stm32f10x_tim.o(.text)
    TIM_OC1NPolarityConfig                   0x08001c33   Thumb Code    16  stm32f10x_tim.o(.text)
    TIM_OC2PolarityConfig                    0x08001c43   Thumb Code    20  stm32f10x_tim.o(.text)
    TIM_OC2NPolarityConfig                   0x08001c57   Thumb Code    20  stm32f10x_tim.o(.text)
    TIM_OC3PolarityConfig                    0x08001c6b   Thumb Code    20  stm32f10x_tim.o(.text)
    TIM_OC3NPolarityConfig                   0x08001c7f   Thumb Code    20  stm32f10x_tim.o(.text)
    TIM_OC4PolarityConfig                    0x08001c93   Thumb Code    20  stm32f10x_tim.o(.text)
    TIM_CCxCmd                               0x08001ca7   Thumb Code    34  stm32f10x_tim.o(.text)
    TIM_CCxNCmd                              0x08001cc9   Thumb Code    34  stm32f10x_tim.o(.text)
    TIM_SelectOCxM                           0x08001ceb   Thumb Code    82  stm32f10x_tim.o(.text)
    TIM_UpdateDisableConfig                  0x08001d3d   Thumb Code    24  stm32f10x_tim.o(.text)
    TIM_UpdateRequestConfig                  0x08001d55   Thumb Code    24  stm32f10x_tim.o(.text)
    TIM_SelectHallSensor                     0x08001d6d   Thumb Code    24  stm32f10x_tim.o(.text)
    TIM_SelectOnePulseMode                   0x08001d85   Thumb Code    18  stm32f10x_tim.o(.text)
    TIM_SelectOutputTrigger                  0x08001d97   Thumb Code    18  stm32f10x_tim.o(.text)
    TIM_SelectSlaveMode                      0x08001da9   Thumb Code    18  stm32f10x_tim.o(.text)
    TIM_SelectMasterSlaveMode                0x08001dbb   Thumb Code    18  stm32f10x_tim.o(.text)
    TIM_SetCounter                           0x08001dcd   Thumb Code     4  stm32f10x_tim.o(.text)
    TIM_SetAutoreload                        0x08001dd1   Thumb Code     4  stm32f10x_tim.o(.text)
    TIM_SetCompare1                          0x08001dd5   Thumb Code     4  stm32f10x_tim.o(.text)
    TIM_SetCompare2                          0x08001dd9   Thumb Code     4  stm32f10x_tim.o(.text)
    TIM_SetCompare3                          0x08001ddd   Thumb Code     4  stm32f10x_tim.o(.text)
    TIM_SetCompare4                          0x08001de1   Thumb Code     6  stm32f10x_tim.o(.text)
    TIM_SetClockDivision                     0x08001de7   Thumb Code    18  stm32f10x_tim.o(.text)
    TIM_GetCapture1                          0x08001df9   Thumb Code     6  stm32f10x_tim.o(.text)
    TIM_GetCapture2                          0x08001dff   Thumb Code     6  stm32f10x_tim.o(.text)
    TIM_GetCapture3                          0x08001e05   Thumb Code     6  stm32f10x_tim.o(.text)
    TIM_GetCapture4                          0x08001e0b   Thumb Code     8  stm32f10x_tim.o(.text)
    TIM_GetCounter                           0x08001e13   Thumb Code     6  stm32f10x_tim.o(.text)
    TIM_GetPrescaler                         0x08001e19   Thumb Code     6  stm32f10x_tim.o(.text)
    TIM_GetFlagStatus                        0x08001e1f   Thumb Code    18  stm32f10x_tim.o(.text)
    TIM_ClearFlag                            0x08001e31   Thumb Code     6  stm32f10x_tim.o(.text)
    TIM_GetITStatus                          0x08001e37   Thumb Code    34  stm32f10x_tim.o(.text)
    TIM_ClearITPendingBit                    0x08001e59   Thumb Code     6  stm32f10x_tim.o(.text)
    Delay_LCD                                0x08001e61   Thumb Code    30  lcd.o(.text)
    LCD_WriteReg                             0x08001e7f   Thumb Code    80  lcd.o(.text)
    REG_8230_Init                            0x08001ecf   Thumb Code   288  lcd.o(.text)
    REG_932X_Init                            0x08001fef   Thumb Code   514  lcd.o(.text)
    LCD_BusOut                               0x080021f1   Thumb Code    32  lcd.o(.text)
    LCD_BusIn                                0x08002211   Thumb Code    32  lcd.o(.text)
    LCD_ReadReg                              0x08002231   Thumb Code   114  lcd.o(.text)
    LCD_CtrlLinesConfig                      0x080022a3   Thumb Code    68  lcd.o(.text)
    STM3210B_LCD_Init                        0x080022e7   Thumb Code    50  lcd.o(.text)
    LCD_SetTextColor                         0x08002319   Thumb Code     6  lcd.o(.text)
    LCD_SetBackColor                         0x0800231f   Thumb Code     8  lcd.o(.text)
    LCD_SetCursor                            0x08002327   Thumb Code    24  lcd.o(.text)
    LCD_WriteRAM                             0x0800233f   Thumb Code    56  lcd.o(.text)
    LCD_WriteRAM_Prepare                     0x08002377   Thumb Code    60  lcd.o(.text)
    LCD_DrawChar                             0x080023b3   Thumb Code   110  lcd.o(.text)
    LCD_DisplayChar                          0x08002421   Thumb Code    34  lcd.o(.text)
    LCD_DisplayStringLine                    0x08002443   Thumb Code    44  lcd.o(.text)
    LCD_ClearLine                            0x0800246f   Thumb Code    14  lcd.o(.text)
    LCD_Clear                                0x0800247d   Thumb Code    38  lcd.o(.text)
    LCD_SetDisplayWindow                     0x080024a3   Thumb Code    88  lcd.o(.text)
    LCD_WindowModeDisable                    0x080024fb   Thumb Code    28  lcd.o(.text)
    LCD_DrawLine                             0x08002517   Thumb Code    90  lcd.o(.text)
    LCD_DrawRect                             0x08002571   Thumb Code    66  lcd.o(.text)
    LCD_DrawCircle                           0x080025b3   Thumb Code   348  lcd.o(.text)
    LCD_DrawMonoPict                         0x0800270f   Thumb Code    78  lcd.o(.text)
    LCD_WriteBMP                             0x0800275d   Thumb Code    74  lcd.o(.text)
    LCD_ReadRAM                              0x080027a7   Thumb Code    96  lcd.o(.text)
    LCD_PowerOn                              0x08002807   Thumb Code   118  lcd.o(.text)
    LCD_DisplayOn                            0x0800287d   Thumb Code    14  lcd.o(.text)
    LCD_DisplayOff                           0x0800288b   Thumb Code    12  lcd.o(.text)
    LCD_DrawPicture                          0x08002897   Thumb Code    48  lcd.o(.text)
    Delay_Ms                                 0x080028fd   Thumb Code    16  main.o(.text)
    main                                     0x0800290d   Thumb Code   140  main.o(.text)
    NMI_Handler                              0x080029ad   Thumb Code     2  stm32f10x_it.o(.text)
    HardFault_Handler                        0x080029af   Thumb Code     4  stm32f10x_it.o(.text)
    MemManage_Handler                        0x080029b3   Thumb Code     4  stm32f10x_it.o(.text)
    BusFault_Handler                         0x080029b7   Thumb Code     4  stm32f10x_it.o(.text)
    UsageFault_Handler                       0x080029bb   Thumb Code     4  stm32f10x_it.o(.text)
    DebugMon_Handler                         0x080029bf   Thumb Code     2  stm32f10x_it.o(.text)
    SVC_Handler                              0x080029c1   Thumb Code     2  stm32f10x_it.o(.text)
    PendSV_Handler                           0x080029c3   Thumb Code     2  stm32f10x_it.o(.text)
    SysTick_Handler                          0x080029c5   Thumb Code    12  stm32f10x_it.o(.text)
    KEYInit                                  0x080029d5   Thumb Code   362  key.o(.text)
    EXTI0_IRQHandler                         0x08002b3f   Thumb Code    50  key.o(.text)
    EXTI9_5_IRQHandler                       0x08002b71   Thumb Code   120  key.o(.text)
    EXTI1_IRQHandler                         0x08002be9   Thumb Code   114  key.o(.text)
    EXTI2_IRQHandler                         0x08002c5b   Thumb Code    88  key.o(.text)
    LEDCMD                                   0x08002ccd   Thumb Code    16  led.o(.text)
    LEDInit                                  0x08002cdd   Thumb Code    88  led.o(.text)
    LEDSetting                               0x08002d35   Thumb Code    26  led.o(.text)
    ADC1_Init                                0x08002d59   Thumb Code   138  adc.o(.text)
    AD_Get                                   0x08002de3   Thumb Code    94  adc.o(.text)
    TIM3_Ch1PWMInit                          0x08002e61   Thumb Code   140  pwmoc.o(.text)
    TIM1_Ch1NPWMInit                         0x08002eed   Thumb Code   158  pwmoc.o(.text)
    PWMConfig                                0x08002f8b   Thumb Code   336  pwmoc.o(.text)
    FlagScan                                 0x08003119   Thumb Code    98  ui.o(.text)
    DataUpdata                               0x0800317b   Thumb Code    12  ui.o(.text)
    UI_Data                                  0x08003187   Thumb Code   100  ui.o(.text)
    UI_Para                                  0x080031eb   Thumb Code    68  ui.o(.text)
    UISelect                                 0x0800322f   Thumb Code    46  ui.o(.text)
    __2sprintf                               0x08003345   Thumb Code    34  noretval__2sprintf.o(.text)
    _printf_int_dec                          0x0800336d   Thumb Code    98  _printf_dec.o(.text)
    __printf                                 0x080033e1   Thumb Code   288  __printf_wp.o(.text)
    __aeabi_memclr                           0x08003501   Thumb Code     0  rt_memclr.o(.text)
    __rt_memclr                              0x08003501   Thumb Code    68  rt_memclr.o(.text)
    _memset                                  0x08003505   Thumb Code     0  rt_memclr.o(.text)
    __use_two_region_memory                  0x08003545   Thumb Code     2  heapauxi.o(.text)
    __rt_heap_escrow$2region                 0x08003547   Thumb Code     2  heapauxi.o(.text)
    __rt_heap_expand$2region                 0x08003549   Thumb Code     2  heapauxi.o(.text)
    _printf_int_common                       0x0800354b   Thumb Code   180  _printf_intcommon.o(.text)
    __lib_sel_fp_printf                      0x080035ff   Thumb Code     2  _printf_fp_dec.o(.text)
    _printf_fp_dec_real                      0x080037ed   Thumb Code   626  _printf_fp_dec.o(.text)
    _printf_char_common                      0x08003a6b   Thumb Code    34  _printf_char_common.o(.text)
    _sputc                                   0x08003a91   Thumb Code    10  _sputc.o(.text)
    __aeabi_memclr4                          0x08003a9b   Thumb Code     0  rt_memclr_w.o(.text)
    __aeabi_memclr8                          0x08003a9b   Thumb Code     0  rt_memclr_w.o(.text)
    __rt_memclr_w                            0x08003a9b   Thumb Code    78  rt_memclr_w.o(.text)
    _memset_w                                0x08003a9f   Thumb Code     0  rt_memclr_w.o(.text)
    __rt_udiv10                              0x08003ae9   Thumb Code    16  rtudiv10.o(.text)
    __rt_locale                              0x08003af9   Thumb Code    12  rt_locale_intlibspace.o(.text)
    _ll_udiv10                               0x08003b05   Thumb Code   138  lludiv10.o(.text)
    _printf_fp_infnan                        0x08003b91   Thumb Code   108  _printf_fp_infnan.o(.text)
    _btod_etento                             0x08003c0d   Thumb Code   206  bigflt0.o(.text)
    __user_libspace                          0x08003ce1   Thumb Code     8  libspace.o(.text)
    __user_perproc_libspace                  0x08003ce1   Thumb Code     0  libspace.o(.text)
    __user_perthread_libspace                0x08003ce1   Thumb Code     0  libspace.o(.text)
    __user_setup_stackheap                   0x08003ce9   Thumb Code    74  sys_stackheap_outer.o(.text)
    exit                                     0x08003d33   Thumb Code    12  exit.o(.text)
    strcmp                                   0x08003d41   Thumb Code   128  strcmpv7m.o(.text)
    __rt_fp_status_addr                      0x08003dc1   Thumb Code    12  rt_fp_status_addr_intlibspace.o(.text)
    _sys_exit                                0x08003dcd   Thumb Code    16  sys_exit.o(.text)
    __I$use$semihosting                      0x08003de1   Thumb Code     0  use_no_semi.o(.text)
    __use_no_semihosting_swi                 0x08003de1   Thumb Code     2  use_no_semi.o(.text)
    _btod_d2e                                0x08003de3   Thumb Code    62  btod.o(CL$$btod_d2e)
    _d2e_denorm_low                          0x08003e21   Thumb Code    70  btod.o(CL$$btod_d2e_denorm_low)
    _d2e_norm_op1                            0x08003e67   Thumb Code    96  btod.o(CL$$btod_d2e_norm_op1)
    __btod_div_common                        0x08003ec7   Thumb Code   696  btod.o(CL$$btod_div_common)
    _e2e                                     0x080041ff   Thumb Code   198  btod.o(CL$$btod_e2e)
    _btod_ediv                               0x080042c5   Thumb Code    40  btod.o(CL$$btod_ediv)
    _btod_emul                               0x080042ed   Thumb Code    40  btod.o(CL$$btod_emul)
    __btod_mult_common                       0x08004315   Thumb Code   580  btod.o(CL$$btod_mult_common)
    __ARM_fpclassify                         0x08004559   Thumb Code    40  fpclassify.o(i.__ARM_fpclassify)
    _get_lc_numeric                          0x08004581   Thumb Code    44  lc_numeric_c.o(locale$$code)
    __aeabi_d2f                              0x080045ad   Thumb Code     0  d2f.o(x$fpl$d2f)
    _d2f                                     0x080045ad   Thumb Code   142  d2f.o(x$fpl$d2f)
    __fpl_inf_d2f                            0x08004635   Thumb Code     0  d2f.o(x$fpl$d2f)
    __fpl_dcheck_NaN2                        0x08004641   Thumb Code    10  dcheck.o(x$fpl$dcheck)
    __fpl_dcheck_NaN1                        0x08004651   Thumb Code    10  dcheck1.o(x$fpl$dcheck1)
    __fpl_dcmp_InfNaN                        0x08004661   Thumb Code   120  dcmpin.o(x$fpl$dcmpinfnan)
    __fpl_inf_dcmp                           0x08004683   Thumb Code     0  dcmpin.o(x$fpl$dcmpinfnan)
    __aeabi_ddiv                             0x080046d9   Thumb Code     0  ddiv.o(x$fpl$ddiv)
    _ddiv                                    0x080046d9   Thumb Code   428  ddiv.o(x$fpl$ddiv)
    __fpl_inf_ddiv                           0x0800484d   Thumb Code     0  ddiv.o(x$fpl$ddiv)
    _ddiv_mantissas                          0x08004885   Thumb Code   324  ddiv.o(x$fpl$ddiv)
    __aeabi_d2uiz                            0x08004ad9   Thumb Code     0  dfixu.o(x$fpl$dfixu)
    _dfixu                                   0x08004ad9   Thumb Code   110  dfixu.o(x$fpl$dfixu)
    __fpl_inf_dfixu                          0x08004b41   Thumb Code     0  dfixu.o(x$fpl$dfixu)
    __aeabi_i2d                              0x08004b4d   Thumb Code     0  dflt_clz.o(x$fpl$dflt)
    _dflt                                    0x08004b4d   Thumb Code    44  dflt_clz.o(x$fpl$dflt)
    __dflt_normalise                         0x08004b5b   Thumb Code     0  dflt_clz.o(x$fpl$dflt)
    __aeabi_cdcmple                          0x08004b79   Thumb Code     0  dleqf.o(x$fpl$dleqf)
    _dcmple                                  0x08004b79   Thumb Code   106  dleqf.o(x$fpl$dleqf)
    __aeabi_dmul                             0x08004be9   Thumb Code     0  dmul.o(x$fpl$dmul)
    _dmul                                    0x08004be9   Thumb Code   440  dmul.o(x$fpl$dmul)
    __fpl_inf_dmul                           0x08004d73   Thumb Code     0  dmul.o(x$fpl$dmul)
    __aeabi_cdrcmple                         0x08004db1   Thumb Code     0  drleqf.o(x$fpl$drleqf)
    _drcmple                                 0x08004db1   Thumb Code   130  drleqf.o(x$fpl$drleqf)
    __dunder                                 0x08004e39   Thumb Code   234  dunder.o(x$fpl$dunder)
    __dunder_d                               0x08004f23   Thumb Code     2  dunder.o(x$fpl$dunder)
    __aeabi_f2d                              0x08004f25   Thumb Code     0  f2d.o(x$fpl$f2d)
    _f2d                                     0x08004f25   Thumb Code    76  f2d.o(x$fpl$f2d)
    __fpl_inf_f2d                            0x08004f69   Thumb Code     0  f2d.o(x$fpl$f2d)
    __fpl_fcheck_NaN2                        0x08004f75   Thumb Code     6  fcheck.o(x$fpl$fcheck)
    __fpl_fcheck_NaN1                        0x08004f81   Thumb Code     6  fcheck1.o(x$fpl$fcheck1)
    __aeabi_i2f                              0x08004f8d   Thumb Code     0  fflt_clz.o(x$fpl$fflt)
    _fflt                                    0x08004f8d   Thumb Code    50  fflt_clz.o(x$fpl$fflt)
    __fflt_normalise                         0x08004f99   Thumb Code     0  fflt_clz.o(x$fpl$fflt)
    __aeabi_ui2f                             0x08004fbf   Thumb Code     0  fflt_clz.o(x$fpl$ffltu)
    _ffltu                                   0x08004fbf   Thumb Code     8  fflt_clz.o(x$fpl$ffltu)
    __aeabi_fmul                             0x08004fc9   Thumb Code     0  fmul.o(x$fpl$fmul)
    _fmul                                    0x08004fc9   Thumb Code   258  fmul.o(x$fpl$fmul)
    __fpl_inf_fmul                           0x080050b5   Thumb Code     0  fmul.o(x$fpl$fmul)
    __fpl_normalise2                         0x080050d1   Thumb Code    74  fnorm2_clz.o(x$fpl$fnorm2)
    _fp_init                                 0x0800511b   Thumb Code    14  fpinit.o(x$fpl$fpinit)
    __fplib_config_pureend_doubles           0x08005127   Thumb Code     0  fpinit.o(x$fpl$fpinit)
    __funder                                 0x08005129   Thumb Code   132  funder.o(x$fpl$funder)
    __funder_d                               0x080051ad   Thumb Code     2  funder.o(x$fpl$funder)
    _printf_fp_dec                           0x080051af   Thumb Code     4  printf1.o(x$fpl$printf1)
    __fpl_return_NaN                         0x080051b3   Thumb Code   100  retnan.o(x$fpl$retnan)
    __fpl_cmpreturn                          0x08005217   Thumb Code    48  trapv.o(x$fpl$trapveneer)
    ASCII_Table                              0x08005246   Data        4560  lcd.o(.constdata)
    __I$use$fp                               0x08005247   Thumb Code     0  usenofp.o(x$fpl$usenofp)
    Region$$Table$$Base                      0x080064ac   Number         0  anon$$obj.o(Region$$Table)
    Region$$Table$$Limit                     0x080064cc   Number         0  anon$$obj.o(Region$$Table)
    SystemCoreClock                          0x20000000   Data           4  system_stm32f10x.o(.data)
    AHBPrescTable                            0x20000004   Data          16  system_stm32f10x.o(.data)
    dummy                                    0x2000002c   Data           2  lcd.o(.data)
    TimingDelay                              0x20000030   Data           4  main.o(.data)
    ADC_Dat                                  0x20000034   Data           2  adc.o(.data)
    AD_Data                                  0x20000038   Data           4  adc.o(.data)
    TIMStop                                  0x2000003c   Data           1  pwmoc.o(.data)
    Mode                                     0x2000003f   Data           1  ui.o(.data)
    UIIndex                                  0x20000040   Data           1  ui.o(.data)
    PA6Para                                  0x20000041   Data           1  ui.o(.data)
    PA7Para                                  0x20000042   Data           1  ui.o(.data)
    Str                                      0x20000044   Data         255  main.o(.bss)
    __libspace_start                         0x20000144   Data          96  libspace.o(.bss)
    __temporary_stack_top$libspace           0x200001a4   Data           0  libspace.o(.bss)



==============================================================================

Memory Map of the image

  Image Entry point : 0x080000ed

  Load Region LR_IROM1 (Base: 0x08000000, Size: 0x0000652c, Max: 0x00020000, ABSOLUTE)

    Execution Region ER_IROM1 (Base: 0x08000000, Size: 0x000064e8, Max: 0x00020000, ABSOLUTE)

    Base Addr    Size         Type   Attr      Idx    E Section Name        Object

    0x08000000   0x000000ec   Data   RO            3    RESET               startup_stm32f10x_md.o
    0x080000ec   0x00000008   Code   RO          443  * !!!main             __main.o(c_w.l)
    0x080000f4   0x00000034   Code   RO          714    !!!scatter          __scatter.o(c_w.l)
    0x08000128   0x0000001a   Code   RO          716    !!handler_copy      __scatter_copy.o(c_w.l)
    0x08000142   0x00000002   PAD
    0x08000144   0x0000001c   Code   RO          718    !!handler_zi        __scatter_zi.o(c_w.l)
    0x08000160   0x00000000   Code   RO          438    .ARM.Collect$$_printf_percent$$00000000  _printf_percent.o(c_w.l)
    0x08000160   0x00000006   Code   RO          437    .ARM.Collect$$_printf_percent$$00000003  _printf_f.o(c_w.l)
    0x08000166   0x00000006   Code   RO          436    .ARM.Collect$$_printf_percent$$00000009  _printf_d.o(c_w.l)
    0x0800016c   0x00000004   Code   RO          481    .ARM.Collect$$_printf_percent$$00000017  _printf_percent_end.o(c_w.l)
    0x08000170   0x00000006   Code   RO          587    .ARM.Collect$$libinit$$00000000  libinit.o(c_w.l)
    0x08000176   0x00000000   Code   RO          590    .ARM.Collect$$libinit$$00000006  libinit2.o(c_w.l)
    0x08000176   0x00000000   Code   RO          592    .ARM.Collect$$libinit$$00000008  libinit2.o(c_w.l)
    0x08000176   0x00000000   Code   RO          594    .ARM.Collect$$libinit$$0000000A  libinit2.o(c_w.l)
    0x08000176   0x00000006   Code   RO          595    .ARM.Collect$$libinit$$0000000B  libinit2.o(c_w.l)
    0x0800017c   0x00000000   Code   RO          597    .ARM.Collect$$libinit$$0000000D  libinit2.o(c_w.l)
    0x0800017c   0x00000000   Code   RO          599    .ARM.Collect$$libinit$$0000000F  libinit2.o(c_w.l)
    0x0800017c   0x00000000   Code   RO          601    .ARM.Collect$$libinit$$00000011  libinit2.o(c_w.l)
    0x0800017c   0x0000000a   Code   RO          602    .ARM.Collect$$libinit$$00000012  libinit2.o(c_w.l)
    0x08000186   0x00000000   Code   RO          603    .ARM.Collect$$libinit$$00000013  libinit2.o(c_w.l)
    0x08000186   0x00000000   Code   RO          605    .ARM.Collect$$libinit$$00000015  libinit2.o(c_w.l)
    0x08000186   0x00000000   Code   RO          607    .ARM.Collect$$libinit$$00000017  libinit2.o(c_w.l)
    0x08000186   0x00000000   Code   RO          609    .ARM.Collect$$libinit$$00000019  libinit2.o(c_w.l)
    0x08000186   0x00000000   Code   RO          611    .ARM.Collect$$libinit$$0000001B  libinit2.o(c_w.l)
    0x08000186   0x00000000   Code   RO          613    .ARM.Collect$$libinit$$0000001D  libinit2.o(c_w.l)
    0x08000186   0x00000000   Code   RO          615    .ARM.Collect$$libinit$$0000001F  libinit2.o(c_w.l)
    0x08000186   0x00000000   Code   RO          617    .ARM.Collect$$libinit$$00000021  libinit2.o(c_w.l)
    0x08000186   0x00000000   Code   RO          621    .ARM.Collect$$libinit$$00000028  libinit2.o(c_w.l)
    0x08000186   0x00000000   Code   RO          623    .ARM.Collect$$libinit$$0000002A  libinit2.o(c_w.l)
    0x08000186   0x00000000   Code   RO          625    .ARM.Collect$$libinit$$0000002C  libinit2.o(c_w.l)
    0x08000186   0x00000000   Code   RO          627    .ARM.Collect$$libinit$$0000002E  libinit2.o(c_w.l)
    0x08000186   0x00000002   Code   RO          628    .ARM.Collect$$libinit$$0000002F  libinit2.o(c_w.l)
    0x08000188   0x00000002   Code   RO          664    .ARM.Collect$$libshutdown$$00000000  libshutdown.o(c_w.l)
    0x0800018a   0x00000000   Code   RO          675    .ARM.Collect$$libshutdown$$00000003  libshutdown2.o(c_w.l)
    0x0800018a   0x00000000   Code   RO          678    .ARM.Collect$$libshutdown$$00000006  libshutdown2.o(c_w.l)
    0x0800018a   0x00000000   Code   RO          681    .ARM.Collect$$libshutdown$$00000009  libshutdown2.o(c_w.l)
    0x0800018a   0x00000000   Code   RO          683    .ARM.Collect$$libshutdown$$0000000B  libshutdown2.o(c_w.l)
    0x0800018a   0x00000000   Code   RO          686    .ARM.Collect$$libshutdown$$0000000E  libshutdown2.o(c_w.l)
    0x0800018a   0x00000002   Code   RO          687    .ARM.Collect$$libshutdown$$0000000F  libshutdown2.o(c_w.l)
    0x0800018c   0x00000000   Code   RO          471    .ARM.Collect$$rtentry$$00000000  rtentry.o(c_w.l)
    0x0800018c   0x00000000   Code   RO          508    .ARM.Collect$$rtentry$$00000002  rtentry2.o(c_w.l)
    0x0800018c   0x00000006   Code   RO          523    .ARM.Collect$$rtentry$$00000004  rtentry4.o(c_w.l)
    0x08000192   0x00000000   Code   RO          510    .ARM.Collect$$rtentry$$00000009  rtentry2.o(c_w.l)
    0x08000192   0x00000004   Code   RO          511    .ARM.Collect$$rtentry$$0000000A  rtentry2.o(c_w.l)
    0x08000196   0x00000000   Code   RO          513    .ARM.Collect$$rtentry$$0000000C  rtentry2.o(c_w.l)
    0x08000196   0x00000008   Code   RO          514    .ARM.Collect$$rtentry$$0000000D  rtentry2.o(c_w.l)
    0x0800019e   0x00000002   Code   RO          629    .ARM.Collect$$rtexit$$00000000  rtexit.o(c_w.l)
    0x080001a0   0x00000000   Code   RO          636    .ARM.Collect$$rtexit$$00000002  rtexit2.o(c_w.l)
    0x080001a0   0x00000004   Code   RO          637    .ARM.Collect$$rtexit$$00000003  rtexit2.o(c_w.l)
    0x080001a4   0x00000006   Code   RO          638    .ARM.Collect$$rtexit$$00000004  rtexit2.o(c_w.l)
    0x080001aa   0x00000002   PAD
    0x080001ac   0x00000040   Code   RO            4    .text               startup_stm32f10x_md.o
    0x080001ec   0x000001c8   Code   RO           24    .text               system_stm32f10x.o
    0x080003b4   0x0000034c   Code   RO          120    .text               stm32f10x_gpio.o
    0x08000700   0x00000394   Code   RO          136    .text               stm32f10x_rcc.o
    0x08000a94   0x000000f8   Code   RO          150    .text               misc.o
    0x08000b8c   0x00000432   Code   RO          162    .text               stm32f10x_adc.o
    0x08000fbe   0x00000002   PAD
    0x08000fc0   0x0000013c   Code   RO          186    .text               stm32f10x_exti.o
    0x080010fc   0x00000d62   Code   RO          222    .text               stm32f10x_tim.o
    0x08001e5e   0x00000002   PAD
    0x08001e60   0x00000a7c   Code   RO          246    .text               lcd.o
    0x080028dc   0x000000d0   Code   RO          268    .text               main.o
    0x080029ac   0x00000028   Code   RO          311    .text               stm32f10x_it.o
    0x080029d4   0x000002f8   Code   RO          327    .text               key.o
    0x08002ccc   0x0000008c   Code   RO          343    .text               led.o
    0x08002d58   0x00000108   Code   RO          355    .text               adc.o
    0x08002e60   0x000002b8   Code   RO          374    .text               pwmoc.o
    0x08003118   0x0000022c   Code   RO          389    .text               ui.o
    0x08003344   0x00000028   Code   RO          412    .text               noretval__2sprintf.o(c_w.l)
    0x0800336c   0x00000074   Code   RO          416    .text               _printf_dec.o(c_w.l)
    0x080033e0   0x00000120   Code   RO          426    .text               __printf_wp.o(c_w.l)
    0x08003500   0x00000044   Code   RO          439    .text               rt_memclr.o(c_w.l)
    0x08003544   0x00000006   Code   RO          441    .text               heapauxi.o(c_w.l)
    0x0800354a   0x000000b4   Code   RO          473    .text               _printf_intcommon.o(c_w.l)
    0x080035fe   0x00000460   Code   RO          475    .text               _printf_fp_dec.o(c_w.l)
    0x08003a5e   0x00000002   PAD
    0x08003a60   0x00000030   Code   RO          477    .text               _printf_char_common.o(c_w.l)
    0x08003a90   0x0000000a   Code   RO          479    .text               _sputc.o(c_w.l)
    0x08003a9a   0x0000004e   Code   RO          482    .text               rt_memclr_w.o(c_w.l)
    0x08003ae8   0x00000010   Code   RO          484    .text               rtudiv10.o(c_w.l)
    0x08003af8   0x0000000c   Code   RO          528    .text               rt_locale_intlibspace.o(c_w.l)
    0x08003b04   0x0000008a   Code   RO          530    .text               lludiv10.o(c_w.l)
    0x08003b8e   0x00000002   PAD
    0x08003b90   0x0000007c   Code   RO          532    .text               _printf_fp_infnan.o(c_w.l)
    0x08003c0c   0x000000d4   Code   RO          536    .text               bigflt0.o(c_w.l)
    0x08003ce0   0x00000008   Code   RO          572    .text               libspace.o(c_w.l)
    0x08003ce8   0x0000004a   Code   RO          575    .text               sys_stackheap_outer.o(c_w.l)
    0x08003d32   0x0000000c   Code   RO          577    .text               exit.o(c_w.l)
    0x08003d3e   0x00000002   PAD
    0x08003d40   0x00000080   Code   RO          579    .text               strcmpv7m.o(c_w.l)
    0x08003dc0   0x0000000c   Code   RO          646    .text               rt_fp_status_addr_intlibspace.o(c_w.l)
    0x08003dcc   0x00000014   Code   RO          654    .text               sys_exit.o(c_w.l)
    0x08003de0   0x00000002   Code   RO          665    .text               use_no_semi.o(c_w.l)
    0x08003de2   0x0000003e   Code   RO          539    CL$$btod_d2e        btod.o(c_w.l)
    0x08003e20   0x00000046   Code   RO          541    CL$$btod_d2e_denorm_low  btod.o(c_w.l)
    0x08003e66   0x00000060   Code   RO          540    CL$$btod_d2e_norm_op1  btod.o(c_w.l)
    0x08003ec6   0x00000338   Code   RO          549    CL$$btod_div_common  btod.o(c_w.l)
    0x080041fe   0x000000c6   Code   RO          546    CL$$btod_e2e        btod.o(c_w.l)
    0x080042c4   0x00000028   Code   RO          543    CL$$btod_ediv       btod.o(c_w.l)
    0x080042ec   0x00000028   Code   RO          542    CL$$btod_emul       btod.o(c_w.l)
    0x08004314   0x00000244   Code   RO          548    CL$$btod_mult_common  btod.o(c_w.l)
    0x08004558   0x00000028   Code   RO          570    i.__ARM_fpclassify  fpclassify.o(m_ws.l)
    0x08004580   0x0000002c   Code   RO          562    locale$$code        lc_numeric_c.o(c_w.l)
    0x080045ac   0x00000094   Code   RO          445    x$fpl$d2f           d2f.o(fz_ws.l)
    0x08004640   0x00000010   Code   RO          486    x$fpl$dcheck        dcheck.o(fz_ws.l)
    0x08004650   0x00000010   Code   RO          488    x$fpl$dcheck1       dcheck1.o(fz_ws.l)
    0x08004660   0x00000078   Code   RO          490    x$fpl$dcmpinfnan    dcmpin.o(fz_ws.l)
    0x080046d8   0x00000400   Code   RO          448    x$fpl$ddiv          ddiv.o(fz_ws.l)
    0x08004ad8   0x00000074   Code   RO          451    x$fpl$dfixu         dfixu.o(fz_ws.l)
    0x08004b4c   0x0000002c   Code   RO          493    x$fpl$dflt          dflt_clz.o(fz_ws.l)
    0x08004b78   0x00000070   Code   RO          455    x$fpl$dleqf         dleqf.o(fz_ws.l)
    0x08004be8   0x000001c8   Code   RO          457    x$fpl$dmul          dmul.o(fz_ws.l)
    0x08004db0   0x00000088   Code   RO          459    x$fpl$drleqf        drleqf.o(fz_ws.l)
    0x08004e38   0x000000ec   Code   RO          496    x$fpl$dunder        dunder.o(fz_ws.l)
    0x08004f24   0x00000050   Code   RO          461    x$fpl$f2d           f2d.o(fz_ws.l)
    0x08004f74   0x0000000c   Code   RO          498    x$fpl$fcheck        fcheck.o(fz_ws.l)
    0x08004f80   0x0000000c   Code   RO          500    x$fpl$fcheck1       fcheck1.o(fz_ws.l)
    0x08004f8c   0x00000032   Code   RO          464    x$fpl$fflt          fflt_clz.o(fz_ws.l)
    0x08004fbe   0x00000008   Code   RO          463    x$fpl$ffltu         fflt_clz.o(fz_ws.l)
    0x08004fc6   0x00000002   PAD
    0x08004fc8   0x00000108   Code   RO          467    x$fpl$fmul          fmul.o(fz_ws.l)
    0x080050d0   0x0000004a   Code   RO          502    x$fpl$fnorm2        fnorm2_clz.o(fz_ws.l)
    0x0800511a   0x0000000e   Code   RO          633    x$fpl$fpinit        fpinit.o(fz_ws.l)
    0x08005128   0x00000086   Code   RO          504    x$fpl$funder        funder.o(fz_ws.l)
    0x080051ae   0x00000004   Code   RO          469    x$fpl$printf1       printf1.o(fz_ws.l)
    0x080051b2   0x00000064   Code   RO          566    x$fpl$retnan        retnan.o(fz_ws.l)
    0x08005216   0x00000030   Code   RO          568    x$fpl$trapveneer    trapv.o(fz_ws.l)
    0x08005246   0x00000000   Code   RO          506    x$fpl$usenofp       usenofp.o(fz_ws.l)
    0x08005246   0x000011d0   Data   RO          247    .constdata          lcd.o
    0x08006416   0x00000002   PAD
    0x08006418   0x00000094   Data   RO          537    .constdata          bigflt0.o(c_w.l)
    0x080064ac   0x00000020   Data   RO          712    Region$$Table       anon$$obj.o
    0x080064cc   0x0000001c   Data   RO          561    locale$$data        lc_numeric_c.o(c_w.l)


    Execution Region RW_IRAM1 (Base: 0x20000000, Size: 0x000007a8, Max: 0x00005000, ABSOLUTE)

    Base Addr    Size         Type   Attr      Idx    E Section Name        Object

    0x20000000   0x00000014   Data   RW           25    .data               system_stm32f10x.o
    0x20000014   0x00000014   Data   RW          137    .data               stm32f10x_rcc.o
    0x20000028   0x00000006   Data   RW          248    .data               lcd.o
    0x2000002e   0x00000002   PAD
    0x20000030   0x00000004   Data   RW          270    .data               main.o
    0x20000034   0x00000008   Data   RW          356    .data               adc.o
    0x2000003c   0x00000003   Data   RW          375    .data               pwmoc.o
    0x2000003f   0x00000005   Data   RW          390    .data               ui.o
    0x20000044   0x000000ff   Zero   RW          269    .bss                main.o
    0x20000143   0x00000001   PAD
    0x20000144   0x00000060   Zero   RW          573    .bss                libspace.o(c_w.l)
    0x200001a4   0x00000004   PAD
    0x200001a8   0x00000200   Zero   RW            2    HEAP                startup_stm32f10x_md.o
    0x200003a8   0x00000400   Zero   RW            1    STACK               startup_stm32f10x_md.o


==============================================================================

Image component sizes


      Code (inc. data)   RO Data    RW Data    ZI Data      Debug   Object Name

       264         32          0          8          0        921   adc.o
         0          0          0          0          0       4160   core_cm3.o
       760         26          0          0          0       1400   key.o
      2684         92       4560          6          0       8332   lcd.o
       140         10          0          0          0        784   led.o
       208         20          0          4        255       6106   main.o
       248         30          0          0          0       1821   misc.o
       696         62          0          3          0       1347   pwmoc.o
        64         26        236          0       1536        604   startup_stm32f10x_md.o
      1074         38          0          0          0      10897   stm32f10x_adc.o
       316         28          0          0          0       2275   stm32f10x_exti.o
       844         40          0          0          0       5705   stm32f10x_gpio.o
        40          4          0          0          0       1218   stm32f10x_it.o
       916         48          0         20          0       8808   stm32f10x_rcc.o
      3426         84          0          0          0      22412   stm32f10x_tim.o
       456         36          0         20          0     254279   system_stm32f10x.o
       556        232          0          5          0       1266   ui.o

    ----------------------------------------------------------------------
     12696        808       4830         68       1792     332335   Object Totals
         0          0         32          0          0          0   (incl. Generated)
         4          0          2          2          1          1   (incl. Padding)

    ----------------------------------------------------------------------

      Code (inc. data)   RO Data    RW Data    ZI Data      Debug   Library Member Name

         8          0          0          0          0         68   __main.o
       288          0          0          0          0         88   __printf_wp.o
        52          8          0          0          0          0   __scatter.o
        26          0          0          0          0          0   __scatter_copy.o
        28          0          0          0          0          0   __scatter_zi.o
        48          4          0          0          0         96   _printf_char_common.o
         6          0          0          0          0          0   _printf_d.o
       116         18          0          0          0         92   _printf_dec.o
         6          0          0          0          0          0   _printf_f.o
      1120          0          0          0          0        204   _printf_fp_dec.o
       124         16          0          0          0         84   _printf_fp_infnan.o
       180          0          0          0          0         88   _printf_intcommon.o
         0          0          0          0          0          0   _printf_percent.o
         4          0          0          0          0          0   _printf_percent_end.o
        10          0          0          0          0         68   _sputc.o
       212          6        148          0          0         92   bigflt0.o
      1910        128          0          0          0        660   btod.o
       148          6          0          0          0         68   d2f.o
        16          6          0          0          0         68   dcheck.o
        16          6          0          0          0         68   dcheck1.o
       120          0          0          0          0         84   dcmpin.o
      1024        272          0          0          0        160   ddiv.o
       116          6          0          0          0         72   dfixu.o
        44          0          0          0          0         68   dflt_clz.o
       112          6          0          0          0         68   dleqf.o
       456         16          0          0          0        100   dmul.o
       136          6          0          0          0         68   drleqf.o
       236          0          0          0          0         92   dunder.o
        12          0          0          0          0         68   exit.o
        80          4          0          0          0         68   f2d.o
        12          6          0          0          0         68   fcheck.o
        12          6          0          0          0         68   fcheck1.o
        58          0          0          0          0        136   fflt_clz.o
       264          6          0          0          0         68   fmul.o
        74          0          0          0          0         84   fnorm2_clz.o
        40          0          0          0          0         68   fpclassify.o
        14          0          0          0          0         76   fpinit.o
       134          0          0          0          0         84   funder.o
         6          0          0          0          0        148   heapauxi.o
        44         10         28          0          0         76   lc_numeric_c.o
         6          0          0          0          0          0   libinit.o
        18          0          0          0          0          0   libinit2.o
         2          0          0          0          0          0   libshutdown.o
         2          0          0          0          0          0   libshutdown2.o
         8          4          0          0         96         68   libspace.o
       138          0          0          0          0         76   lludiv10.o
        40          6          0          0          0         80   noretval__2sprintf.o
         4          0          0          0          0         68   printf1.o
       100          0          0          0          0         68   retnan.o
        12          6          0          0          0         68   rt_fp_status_addr_intlibspace.o
        12          6          0          0          0         68   rt_locale_intlibspace.o
        68          0          0          0          0         68   rt_memclr.o
        78          0          0          0          0         76   rt_memclr_w.o
         0          0          0          0          0          0   rtentry.o
        12          0          0          0          0          0   rtentry2.o
         6          0          0          0          0          0   rtentry4.o
         2          0          0          0          0          0   rtexit.o
        10          0          0          0          0          0   rtexit2.o
        16          0          0          0          0         68   rtudiv10.o
       128          2          0          0          0         68   strcmpv7m.o
        20         10          0          0          0         68   sys_exit.o
        74          0          0          0          0         80   sys_stackheap_outer.o
        48          0          0          0          0         68   trapv.o
         2          0          0          0          0         68   use_no_semi.o
         0          0          0          0          0          0   usenofp.o

    ----------------------------------------------------------------------
      8130        570        176          0        100       4528   Library Totals
        12          0          0          0          4          0   (incl. Padding)

    ----------------------------------------------------------------------

      Code (inc. data)   RO Data    RW Data    ZI Data      Debug   Library Name

      4854        224        176          0         96       2688   c_w.l
      3224        346          0          0          0       1772   fz_ws.l
        40          0          0          0          0         68   m_ws.l

    ----------------------------------------------------------------------
      8130        570        176          0        100       4528   Library Totals

    ----------------------------------------------------------------------

==============================================================================


      Code (inc. data)   RO Data    RW Data    ZI Data      Debug   

     20826       1378       5006         68       1892     332664   Grand Totals
     20826       1378       5006         68       1892     332664   ELF Image Totals
     20826       1378       5006         68          0          0   ROM Totals

==============================================================================

    Total RO  Size (Code + RO Data)                25832 (  25.23kB)
    Total RW  Size (RW Data + ZI Data)              1960 (   1.91kB)
    Total ROM Size (Code + RO Data + RW Data)      25900 (  25.29kB)

==============================================================================

